seed K = 9; (K-1)-point Poisson at A0 = 74.010: residual 1.2e-14
   already above the transition at A = 74.010 (peak 3.1e-02); stepping down
   [no interior local maximum on the coarse grid: zone-edge fallback, value is an upper bound on the offset]
bin 100 K-1=8 -> K=9: transition A = 53.51401 (rho = 0.535; peak -3.0e-11); birth between atoms 3,4 (Fisher 7.4728, 9.4558; gap 1.9831) at t = 8.7144: f_left = 0.6261   [16s]
   handed over at N = 100, A = 56.00 (min w 0.1012)   [16s]
   already above the transition at A = 56.000 (peak 2.4e-02); stepping down
   [no interior local maximum on the coarse grid: zone-edge fallback, value is an upper bound on the offset]
   [no interior local maximum on the coarse grid: zone-edge fallback, value is an upper bound on the offset]
   [no interior local maximum on the coarse grid: zone-edge fallback, value is an upper bound on the offset]
bin 60 K-1=8 -> K=9: transition A = 45.81721 (rho = 0.764; peak -3.7e-11); birth between atoms 3,4 (Fisher 7.4929, 9.4878; gap 1.9948) at t = 8.7418: f_left = 0.6260   [28s]
   handed over at N = 60, A = 45.52 (min w 0.0963)   [28s]
   already above the transition at A = 45.517 (peak 6.1e-04); stepping down
   [no interior local maximum on the coarse grid: zone-edge fallback, value is an upper bound on the offset]
   [no interior local maximum on the coarse grid: zone-edge fallback, value is an upper bound on the offset]
   [no interior local maximum on the coarse grid: zone-edge fallback, value is an upper bound on the offset]
bin 54 K-1=8 -> K=9: transition A = 43.82289 (rho = 0.812; peak -5.4e-11); birth between atoms 3,4 (Fisher 7.4986, 9.4968; gap 1.9982) at t = 8.7491: f_left = 0.6258   [36s]
   handed over at N = 54, A = 43.52 (min w 0.0962)   [36s]
   already above the transition at A = 43.523 (peak 4.6e-04); stepping down
   [no interior local maximum on the coarse grid: zone-edge fallback, value is an upper bound on the offset]
   [no interior local maximum on the coarse grid: zone-edge fallback, value is an upper bound on the offset]
   [no interior local maximum on the coarse grid: zone-edge fallback, value is an upper bound on the offset]
   [no interior local maximum on the coarse grid: zone-edge fallback, value is an upper bound on the offset]
   [no interior local maximum on the coarse grid: zone-edge fallback, value is an upper bound on the offset]
bin 50 K-1=8 -> K=9: transition A = 42.27101 (rho = 0.845; peak -1.6e-10); birth between atoms 3,4 (Fisher 7.5032, 9.5040; gap 2.0008) at t = 8.7549: f_left = 0.6256   [44s]
   handed over at N = 50, A = 41.97 (min w 0.0961)   [44s]
   already above the transition at A = 41.971 (peak 7.9e-04); stepping down
   [no interior local maximum on the coarse grid: zone-edge fallback, value is an upper bound on the offset]
   [no interior local maximum on the coarse grid: zone-edge fallback, value is an upper bound on the offset]
bin 46 K-1=8 -> K=9: transition A = 40.49788 (rho = 0.880; peak -4.9e-11); birth between atoms 3,4 (Fisher 7.5085, 9.5126; gap 2.0040) at t = 8.7611: f_left = 0.6250   [52s]
   handed over at N = 46, A = 40.20 (min w 0.0960)   [52s]
   already above the transition at A = 40.198 (peak 1.7e-03); stepping down
   [no interior local maximum on the coarse grid: zone-edge fallback, value is an upper bound on the offset]
bin 42 K-1=8 -> K=9: transition A = 38.45432 (rho = 0.916; peak -1.1e-10); birth between atoms 3,4 (Fisher 7.5150, 9.5229; gap 2.0079) at t = 8.7680: f_left = 0.6240   [60s]
   handed over at N = 42, A = 38.15 (min w 0.0958)   [60s]
   already above the transition at A = 38.154 (peak 2.0e-03); stepping down
   [no interior local maximum on the coarse grid: zone-edge fallback, value is an upper bound on the offset]
   [no interior local maximum on the coarse grid: zone-edge fallback, value is an upper bound on the offset]
   [no interior local maximum on the coarse grid: zone-edge fallback, value is an upper bound on the offset]
bin 39 K-1=8 -> K=9: transition A = 36.70640 (rho = 0.941; peak -2.2e-10); birth between atoms 3,4 (Fisher 7.5208, 9.5322; gap 2.0114) at t = 8.7734: f_left = 0.6228   [68s]
   handed over at N = 39, A = 36.41 (min w 0.0954)   [68s]
   cannot continue to N = 36 at A = 36.41 (A >= N); stop
