seed K = 11; (K-1)-point Poisson at A0 = 111.010: residual 3.0e-14
   already above the transition at A = 111.010 (peak 2.0e-03); stepping down
   [no interior local maximum on the coarse grid: zone-edge fallback, value is an upper bound on the offset]
bin 400 K-1=10 -> K=11: transition A = 90.57189 (rho = 0.226; peak -5.2e-12); birth between atoms 4,5 (Fisher 9.2781, 11.1137; gap 1.8356) at t = 10.4254: f_left = 0.6250   [31s]
   Fisher gaps of the (K-1)-point at the handover state: [3.164, 2.421, 2.306, 2.287, 2.285, 2.286, 2.297, 2.37, 2.778]
   handed over at N = 400, A = 100.00 (min w 0.0831)   [31s]
   already above the transition at A = 100.000 (peak 4.2e-04); stepping down
   [no interior local maximum on the coarse grid: zone-edge fallback, value is an upper bound on the offset]
bin 384 K-1=10 -> K=11: transition A = 90.26806 (rho = 0.235; peak -4.1e-12); birth between atoms 4,5 (Fisher 9.2786, 11.1144; gap 1.8358) at t = 10.4260: f_left = 0.6250   [55s]
   Fisher gaps of the (K-1)-point at the handover state: [3.138, 2.324, 2.143, 2.094, 2.085, 2.09, 2.123, 2.253, 2.738]
   handed over at N = 384, A = 90.01 (min w 0.0767)   [56s]
   already above the transition at A = 90.008 (peak 6.6e-07); stepping down
   [no interior local maximum on the coarse grid: zone-edge fallback, value is an upper bound on the offset]
   [no interior local maximum on the coarse grid: zone-edge fallback, value is an upper bound on the offset]
   [no interior local maximum on the coarse grid: zone-edge fallback, value is an upper bound on the offset]
bin 368.64 K-1=10 -> K=11: transition A = 89.95234 (rho = 0.244; peak -2.8e-13); birth between atoms 4,5 (Fisher 9.2791, 11.1151; gap 1.8360) at t = 10.4267: f_left = 0.6250   [71s]
   Fisher gaps of the (K-1)-point at the handover state: [3.127, 2.268, 2.005, 1.881, 1.838, 1.863, 1.965, 2.179, 2.72]
   handed over at N = 368.64, A = 89.69 (min w 0.0767)   [71s]
   already above the transition at A = 89.692 (peak 8.1e-07); stepping down
   [no interior local maximum on the coarse grid: zone-edge fallback, value is an upper bound on the offset]
   [no interior local maximum on the coarse grid: zone-edge fallback, value is an upper bound on the offset]
   [no interior local maximum on the coarse grid: zone-edge fallback, value is an upper bound on the offset]
bin 353.894 K-1=10 -> K=11: transition A = 89.62430 (rho = 0.253; peak -3.7e-12); birth between atoms 4,5 (Fisher 9.2796, 11.1159; gap 1.8362) at t = 10.4274: f_left = 0.6251   [87s]
   Fisher gaps of the (K-1)-point at the handover state: [3.127, 2.268, 2.006, 1.882, 1.838, 1.864, 1.965, 2.179, 2.72]
   handed over at N = 353.894, A = 89.36 (min w 0.0767)   [87s]
   already above the transition at A = 89.363 (peak 9.8e-07); stepping down
   [no interior local maximum on the coarse grid: zone-edge fallback, value is an upper bound on the offset]
   [no interior local maximum on the coarse grid: zone-edge fallback, value is an upper bound on the offset]
   [no interior local maximum on the coarse grid: zone-edge fallback, value is an upper bound on the offset]
bin 339.739 K-1=10 -> K=11: transition A = 89.28350 (rho = 0.263; peak -2.5e-12); birth between atoms 4,5 (Fisher 9.2802, 11.1166; gap 1.8364) at t = 10.4281: f_left = 0.6251   [101s]
   Fisher gaps of the (K-1)-point at the handover state: [3.127, 2.268, 2.006, 1.882, 1.839, 1.865, 1.966, 2.179, 2.72]
   handed over at N = 339.739, A = 89.02 (min w 0.0767)   [101s]
   already above the transition at A = 89.022 (peak 1.2e-06); stepping down
   [no interior local maximum on the coarse grid: zone-edge fallback, value is an upper bound on the offset]
   [no interior local maximum on the coarse grid: zone-edge fallback, value is an upper bound on the offset]
   [no interior local maximum on the coarse grid: zone-edge fallback, value is an upper bound on the offset]
bin 326.149 K-1=10 -> K=11: transition A = 88.92948 (rho = 0.273; peak -9.5e-13); birth between atoms 4,5 (Fisher 9.2808, 11.1175; gap 1.8367) at t = 10.4289: f_left = 0.6251   [116s]
   Fisher gaps of the (K-1)-point at the handover state: [3.127, 2.268, 2.006, 1.883, 1.84, 1.865, 1.966, 2.18, 2.72]
   handed over at N = 326.149, A = 88.67 (min w 0.0767)   [116s]
   already above the transition at A = 88.668 (peak 1.3e-06); stepping down
   [no interior local maximum on the coarse grid: zone-edge fallback, value is an upper bound on the offset]
   [no interior local maximum on the coarse grid: zone-edge fallback, value is an upper bound on the offset]
bin 313.103 K-1=10 -> K=11: transition A = 88.56176 (rho = 0.283; peak -2.1e-12); birth between atoms 4,5 (Fisher 9.2814, 11.1183; gap 1.8369) at t = 10.4297: f_left = 0.6251   [130s]
   Fisher gaps of the (K-1)-point at the handover state: [3.127, 2.269, 2.007, 1.883, 1.84, 1.866, 1.966, 2.18, 2.72]
   handed over at N = 313.103, A = 88.30 (min w 0.0767)   [130s]
   already above the transition at A = 88.300 (peak 1.6e-06); stepping down
   [no interior local maximum on the coarse grid: zone-edge fallback, value is an upper bound on the offset]
   [no interior local maximum on the coarse grid: zone-edge fallback, value is an upper bound on the offset]
bin 300.579 K-1=10 -> K=11: transition A = 88.17988 (rho = 0.293; peak -3.0e-12); birth between atoms 4,5 (Fisher 9.2820, 11.1192; gap 1.8372) at t = 10.4305: f_left = 0.6252   [144s]
   Fisher gaps of the (K-1)-point at the handover state: [3.127, 2.269, 2.007, 1.884, 1.841, 1.866, 1.967, 2.18, 2.72]
   handed over at N = 300.579, A = 87.92 (min w 0.0767)   [144s]
   already above the transition at A = 87.917 (peak 1.8e-06); stepping down
   [no interior local maximum on the coarse grid: zone-edge fallback, value is an upper bound on the offset]
   [no interior local maximum on the coarse grid: zone-edge fallback, value is an upper bound on the offset]
   [no interior local maximum on the coarse grid: zone-edge fallback, value is an upper bound on the offset]
bin 288.556 K-1=10 -> K=11: transition A = 87.78332 (rho = 0.304; peak -9.2e-12); birth between atoms 4,5 (Fisher 9.2827, 11.1201; gap 1.8374) at t = 10.4314: f_left = 0.6252   [159s]
   Fisher gaps of the (K-1)-point at the handover state: [3.127, 2.269, 2.008, 1.884, 1.842, 1.867, 1.967, 2.18, 2.721]
   handed over at N = 288.556, A = 87.52 (min w 0.0767)   [159s]
   already above the transition at A = 87.520 (peak 2.0e-06); stepping down
   [no interior local maximum on the coarse grid: zone-edge fallback, value is an upper bound on the offset]
   [no interior local maximum on the coarse grid: zone-edge fallback, value is an upper bound on the offset]
   [no interior local maximum on the coarse grid: zone-edge fallback, value is an upper bound on the offset]
bin 277.014 K-1=10 -> K=11: transition A = 87.37159 (rho = 0.315; peak -9.4e-12); birth between atoms 4,5 (Fisher 9.2834, 11.1211; gap 1.8377) at t = 10.4323: f_left = 0.6252   [173s]
   Fisher gaps of the (K-1)-point at the handover state: [3.127, 2.269, 2.008, 1.885, 1.843, 1.868, 1.968, 2.181, 2.721]
   handed over at N = 277.014, A = 87.11 (min w 0.0767)   [173s]
   already above the transition at A = 87.108 (peak 2.3e-06); stepping down
   [no interior local maximum on the coarse grid: zone-edge fallback, value is an upper bound on the offset]
   [no interior local maximum on the coarse grid: zone-edge fallback, value is an upper bound on the offset]
bin 265.933 K-1=10 -> K=11: transition A = 86.94417 (rho = 0.327; peak -5.3e-13); birth between atoms 4,5 (Fisher 9.2841, 11.1221; gap 1.8380) at t = 10.4333: f_left = 0.6252   [187s]
   Fisher gaps of the (K-1)-point at the handover state: [3.127, 2.27, 2.008, 1.886, 1.844, 1.869, 1.968, 2.181, 2.721]
   handed over at N = 265.933, A = 86.68 (min w 0.0767)   [187s]
   already above the transition at A = 86.680 (peak 2.5e-06); stepping down
   [no interior local maximum on the coarse grid: zone-edge fallback, value is an upper bound on the offset]
   [no interior local maximum on the coarse grid: zone-edge fallback, value is an upper bound on the offset]
bin 255.296 K-1=10 -> K=11: transition A = 86.50051 (rho = 0.339; peak -9.7e-12); birth between atoms 4,5 (Fisher 9.2848, 11.1231; gap 1.8383) at t = 10.4338: f_left = 0.6250   [201s]
   Fisher gaps of the (K-1)-point at the handover state: [3.127, 2.27, 2.009, 1.887, 1.845, 1.869, 1.969, 2.181, 2.721]
   handed over at N = 255.296, A = 86.24 (min w 0.0767)   [201s]
   already above the transition at A = 86.236 (peak 2.8e-06); stepping down
   [no interior local maximum on the coarse grid: zone-edge fallback, value is an upper bound on the offset]
   [no interior local maximum on the coarse grid: zone-edge fallback, value is an upper bound on the offset]
bin 245.084 K-1=10 -> K=11: transition A = 86.04008 (rho = 0.351; peak -5.2e-12); birth between atoms 4,5 (Fisher 9.2856, 11.1242; gap 1.8386) at t = 10.4348: f_left = 0.6250   [215s]
   Fisher gaps of the (K-1)-point at the handover state: [3.128, 2.27, 2.009, 1.887, 1.846, 1.87, 1.969, 2.182, 2.721]
   handed over at N = 245.084, A = 85.78 (min w 0.0767)   [215s]
   already above the transition at A = 85.775 (peak 3.1e-06); stepping down
   [no interior local maximum on the coarse grid: zone-edge fallback, value is an upper bound on the offset]
   [no interior local maximum on the coarse grid: zone-edge fallback, value is an upper bound on the offset]
bin 235.281 K-1=10 -> K=11: transition A = 85.56232 (rho = 0.364; peak -1.1e-11); birth between atoms 4,5 (Fisher 9.2864, 11.1253; gap 1.8390) at t = 10.4359: f_left = 0.6251   [228s]
   Fisher gaps of the (K-1)-point at the handover state: [3.128, 2.27, 2.01, 1.888, 1.847, 1.871, 1.97, 2.182, 2.721]
   handed over at N = 235.281, A = 85.30 (min w 0.0767)   [228s]
   already above the transition at A = 85.297 (peak 3.4e-06); stepping down
   [no interior local maximum on the coarse grid: zone-edge fallback, value is an upper bound on the offset]
bin 225.869 K-1=10 -> K=11: transition A = 85.06665 (rho = 0.377; peak -5.5e-12); birth between atoms 4,5 (Fisher 9.2872, 11.1265; gap 1.8393) at t = 10.4370: f_left = 0.6251   [241s]
   Fisher gaps of the (K-1)-point at the handover state: [3.128, 2.271, 2.011, 1.889, 1.848, 1.872, 1.971, 2.182, 2.721]
   handed over at N = 225.869, A = 84.80 (min w 0.0767)   [241s]
   already above the transition at A = 84.801 (peak 3.8e-06); stepping down
   [no interior local maximum on the coarse grid: zone-edge fallback, value is an upper bound on the offset]
bin 216.835 K-1=10 -> K=11: transition A = 84.55250 (rho = 0.390; peak -4.8e-12); birth between atoms 4,5 (Fisher 9.2881, 11.1278; gap 1.8397) at t = 10.4382: f_left = 0.6252   [254s]
   Fisher gaps of the (K-1)-point at the handover state: [3.128, 2.271, 2.011, 1.89, 1.849, 1.873, 1.971, 2.183, 2.721]
   handed over at N = 216.835, A = 84.29 (min w 0.0767)   [254s]
   already above the transition at A = 84.287 (peak 4.2e-06); stepping down
   [no interior local maximum on the coarse grid: zone-edge fallback, value is an upper bound on the offset]
   [no interior local maximum on the coarse grid: zone-edge fallback, value is an upper bound on the offset]
   [no interior local maximum on the coarse grid: zone-edge fallback, value is an upper bound on the offset]
bin 208.161 K-1=10 -> K=11: transition A = 84.01928 (rho = 0.404; peak -8.8e-12); birth between atoms 4,5 (Fisher 9.2890, 11.1290; gap 1.8400) at t = 10.4394: f_left = 0.6252   [267s]
   Fisher gaps of the (K-1)-point at the handover state: [3.128, 2.271, 2.012, 1.891, 1.85, 1.874, 1.972, 2.183, 2.722]
   handed over at N = 208.161, A = 83.75 (min w 0.0767)   [267s]
   already above the transition at A = 83.753 (peak 4.6e-06); stepping down
   [no interior local maximum on the coarse grid: zone-edge fallback, value is an upper bound on the offset]
   [no interior local maximum on the coarse grid: zone-edge fallback, value is an upper bound on the offset]
bin 199.835 K-1=10 -> K=11: transition A = 83.46637 (rho = 0.418; peak -1.1e-11); birth between atoms 4,5 (Fisher 9.2900, 11.1304; gap 1.8404) at t = 10.4407: f_left = 0.6252   [279s]
   Fisher gaps of the (K-1)-point at the handover state: [3.128, 2.272, 2.012, 1.892, 1.851, 1.875, 1.973, 2.183, 2.722]
   handed over at N = 199.835, A = 83.20 (min w 0.0767)   [279s]
   already above the transition at A = 83.199 (peak 5.0e-06); stepping down
   [no interior local maximum on the coarse grid: zone-edge fallback, value is an upper bound on the offset]
   [no interior local maximum on the coarse grid: zone-edge fallback, value is an upper bound on the offset]
bin 191.841 K-1=10 -> K=11: transition A = 82.89318 (rho = 0.432; peak -9.3e-12); birth between atoms 4,5 (Fisher 9.2909, 11.1318; gap 1.8408) at t = 10.4420: f_left = 0.6253   [292s]
   Fisher gaps of the (K-1)-point at the handover state: [3.128, 2.272, 2.013, 1.893, 1.853, 1.877, 1.973, 2.184, 2.722]
   handed over at N = 191.841, A = 82.63 (min w 0.0767)   [292s]
   already above the transition at A = 82.626 (peak 5.5e-06); stepping down
   [no interior local maximum on the coarse grid: zone-edge fallback, value is an upper bound on the offset]
   [no interior local maximum on the coarse grid: zone-edge fallback, value is an upper bound on the offset]
bin 184.168 K-1=10 -> K=11: transition A = 82.29907 (rho = 0.447; peak -3.8e-12); birth between atoms 4,5 (Fisher 9.2920, 11.1332; gap 1.8412) at t = 10.4429: f_left = 0.6251   [304s]
   Fisher gaps of the (K-1)-point at the handover state: [3.128, 2.272, 2.014, 1.894, 1.854, 1.878, 1.974, 2.184, 2.722]
   handed over at N = 184.168, A = 82.03 (min w 0.0767)   [304s]
   already above the transition at A = 82.031 (peak 6.0e-06); stepping down
   [no interior local maximum on the coarse grid: zone-edge fallback, value is an upper bound on the offset]
   [no interior local maximum on the coarse grid: zone-edge fallback, value is an upper bound on the offset]
bin 176.801 K-1=10 -> K=11: transition A = 81.68343 (rho = 0.462; peak -1.0e-11); birth between atoms 4,5 (Fisher 9.2931, 11.1347; gap 1.8417) at t = 10.4443: f_left = 0.6251   [316s]
   Fisher gaps of the (K-1)-point at the handover state: [3.128, 2.273, 2.014, 1.896, 1.855, 1.879, 1.975, 2.185, 2.722]
   handed over at N = 176.801, A = 81.42 (min w 0.0767)   [316s]
   already above the transition at A = 81.415 (peak 6.5e-06); stepping down
   [no interior local maximum on the coarse grid: zone-edge fallback, value is an upper bound on the offset]
bin 169.729 K-1=10 -> K=11: transition A = 81.04560 (rho = 0.478; peak -7.5e-12); birth between atoms 4,5 (Fisher 9.2942, 11.1363; gap 1.8421) at t = 10.4458: f_left = 0.6252   [328s]
   Fisher gaps of the (K-1)-point at the handover state: [3.128, 2.273, 2.015, 1.897, 1.857, 1.881, 1.976, 2.185, 2.723]
   handed over at N = 169.729, A = 80.78 (min w 0.0767)   [328s]
   already above the transition at A = 80.777 (peak 7.2e-06); stepping down
   [no interior local maximum on the coarse grid: zone-edge fallback, value is an upper bound on the offset]
   [no interior local maximum on the coarse grid: zone-edge fallback, value is an upper bound on the offset]
bin 162.94 K-1=10 -> K=11: transition A = 80.38497 (rho = 0.493; peak -3.7e-12); birth between atoms 4,5 (Fisher 9.2953, 11.1380; gap 1.8426) at t = 10.4474: f_left = 0.6252   [340s]
   Fisher gaps of the (K-1)-point at the handover state: [3.128, 2.273, 2.016, 1.898, 1.859, 1.882, 1.977, 2.186, 2.723]
   handed over at N = 162.94, A = 80.12 (min w 0.0767)   [341s]
   already above the transition at A = 80.116 (peak 7.8e-06); stepping down
   [no interior local maximum on the coarse grid: zone-edge fallback, value is an upper bound on the offset]
bin 156.422 K-1=10 -> K=11: transition A = 79.70086 (rho = 0.510; peak -4.9e-13); birth between atoms 4,5 (Fisher 9.2966, 11.1397; gap 1.8431) at t = 10.4491: f_left = 0.6253   [352s]
   Fisher gaps of the (K-1)-point at the handover state: [3.128, 2.274, 2.017, 1.9, 1.86, 1.884, 1.978, 2.186, 2.723]
   handed over at N = 156.422, A = 79.43 (min w 0.0767)   [352s]
   already above the transition at A = 79.431 (peak 8.5e-06); stepping down
   [no interior local maximum on the coarse grid: zone-edge fallback, value is an upper bound on the offset]
   [no interior local maximum on the coarse grid: zone-edge fallback, value is an upper bound on the offset]
bin 150.165 K-1=10 -> K=11: transition A = 78.99265 (rho = 0.526; peak -8.8e-12); birth between atoms 4,5 (Fisher 9.2978, 11.1415; gap 1.8436) at t = 10.4503: f_left = 0.6251   [363s]
   Fisher gaps of the (K-1)-point at the handover state: [3.128, 2.274, 2.018, 1.901, 1.862, 1.885, 1.979, 2.187, 2.723]
   handed over at N = 150.165, A = 78.72 (min w 0.0767)   [363s]
   already above the transition at A = 78.723 (peak 9.3e-06); stepping down
   [no interior local maximum on the coarse grid: zone-edge fallback, value is an upper bound on the offset]
bin 144.159 K-1=10 -> K=11: transition A = 78.25968 (rho = 0.543; peak -1.2e-11); birth between atoms 4,5 (Fisher 9.2992, 11.1433; gap 1.8442) at t = 10.4521: f_left = 0.6252   [375s]
   Fisher gaps of the (K-1)-point at the handover state: [3.129, 2.275, 2.019, 1.903, 1.864, 1.887, 1.98, 2.187, 2.724]
   handed over at N = 144.159, A = 77.99 (min w 0.0767)   [375s]
   already above the transition at A = 77.989 (peak 1.0e-05); stepping down
   [no interior local maximum on the coarse grid: zone-edge fallback, value is an upper bound on the offset]
bin 138.392 K-1=10 -> K=11: transition A = 77.50129 (rho = 0.560; peak -1.3e-11); birth between atoms 4,5 (Fisher 9.3005, 11.1453; gap 1.8447) at t = 10.4539: f_left = 0.6252   [387s]
   Fisher gaps of the (K-1)-point at the handover state: [3.129, 2.275, 2.02, 1.905, 1.866, 1.889, 1.982, 2.188, 2.724]
   handed over at N = 138.392, A = 77.23 (min w 0.0767)   [387s]
   already above the transition at A = 77.230 (peak 1.1e-05); stepping down
   [no interior local maximum on the coarse grid: zone-edge fallback, value is an upper bound on the offset]
   [no interior local maximum on the coarse grid: zone-edge fallback, value is an upper bound on the offset]
   [no interior local maximum on the coarse grid: zone-edge fallback, value is an upper bound on the offset]
   [no interior local maximum on the coarse grid: zone-edge fallback, value is an upper bound on the offset]
bin 132.857 K-1=10 -> K=11: transition A = 76.71685 (rho = 0.577; peak -3.4e-12); birth between atoms 4,5 (Fisher 9.3020, 11.1473; gap 1.8453) at t = 10.4559: f_left = 0.6253   [398s]
   Fisher gaps of the (K-1)-point at the handover state: [3.129, 2.276, 2.021, 1.907, 1.869, 1.891, 1.983, 2.189, 2.724]
   handed over at N = 132.857, A = 76.45 (min w 0.0767)   [398s]
   already above the transition at A = 76.446 (peak 1.2e-05); stepping down
   [no interior local maximum on the coarse grid: zone-edge fallback, value is an upper bound on the offset]
   [no interior local maximum on the coarse grid: zone-edge fallback, value is an upper bound on the offset]
   [no interior local maximum on the coarse grid: zone-edge fallback, value is an upper bound on the offset]
   [no interior local maximum on the coarse grid: zone-edge fallback, value is an upper bound on the offset]
bin 127.542 K-1=10 -> K=11: transition A = 75.90572 (rho = 0.595; peak -1.5e-11); birth between atoms 4,5 (Fisher 9.3035, 11.1494; gap 1.8460) at t = 10.4574: f_left = 0.6251   [410s]
   Fisher gaps of the (K-1)-point at the handover state: [3.129, 2.276, 2.023, 1.909, 1.871, 1.893, 1.984, 2.189, 2.725]
   handed over at N = 127.542, A = 75.63 (min w 0.0767)   [410s]
   already above the transition at A = 75.634 (peak 1.3e-05); stepping down
   [no interior local maximum on the coarse grid: zone-edge fallback, value is an upper bound on the offset]
   [no interior local maximum on the coarse grid: zone-edge fallback, value is an upper bound on the offset]
   [no interior local maximum on the coarse grid: zone-edge fallback, value is an upper bound on the offset]
   [no interior local maximum on the coarse grid: zone-edge fallback, value is an upper bound on the offset]
bin 122.441 K-1=10 -> K=11: transition A = 75.06725 (rho = 0.613; peak -1.1e-11); birth between atoms 4,5 (Fisher 9.3050, 11.1516; gap 1.8466) at t = 10.4596: f_left = 0.6252   [421s]
   Fisher gaps of the (K-1)-point at the handover state: [3.129, 2.277, 2.024, 1.911, 1.874, 1.896, 1.986, 2.19, 2.725]
   handed over at N = 122.441, A = 74.80 (min w 0.0767)   [421s]
   already above the transition at A = 74.795 (peak 1.5e-05); stepping down
   [no interior local maximum on the coarse grid: zone-edge fallback, value is an upper bound on the offset]
   [no interior local maximum on the coarse grid: zone-edge fallback, value is an upper bound on the offset]
   [no interior local maximum on the coarse grid: zone-edge fallback, value is an upper bound on the offset]
bin 117.543 K-1=10 -> K=11: transition A = 74.20082 (rho = 0.631; peak -8.9e-12); birth between atoms 4,5 (Fisher 9.3067, 11.1539; gap 1.8473) at t = 10.4613: f_left = 0.6251   [432s]
   Fisher gaps of the (K-1)-point at the handover state: [3.129, 2.278, 2.025, 1.913, 1.877, 1.898, 1.988, 2.191, 2.725]
   handed over at N = 117.543, A = 73.93 (min w 0.0767)   [432s]
   already above the transition at A = 73.929 (peak 1.6e-05); stepping down
   [no interior local maximum on the coarse grid: zone-edge fallback, value is an upper bound on the offset]
   [no interior local maximum on the coarse grid: zone-edge fallback, value is an upper bound on the offset]
bin 112.841 K-1=10 -> K=11: transition A = 73.30584 (rho = 0.650; peak -4.8e-12); birth between atoms 4,5 (Fisher 9.3084, 11.1563; gap 1.8480) at t = 10.4636: f_left = 0.6252   [443s]
   Fisher gaps of the (K-1)-point at the handover state: [3.129, 2.279, 2.027, 1.916, 1.88, 1.901, 1.989, 2.192, 2.726]
   handed over at N = 112.841, A = 73.03 (min w 0.0767)   [444s]
   already above the transition at A = 73.033 (peak 1.8e-05); stepping down
   [no interior local maximum on the coarse grid: zone-edge fallback, value is an upper bound on the offset]
   [no interior local maximum on the coarse grid: zone-edge fallback, value is an upper bound on the offset]
   [no interior local maximum on the coarse grid: zone-edge fallback, value is an upper bound on the offset]
bin 108.328 K-1=10 -> K=11: transition A = 72.38170 (rho = 0.668; peak -8.5e-12); birth between atoms 4,5 (Fisher 9.3101, 11.1588; gap 1.8487) at t = 10.4661: f_left = 0.6253   [454s]
   Fisher gaps of the (K-1)-point at the handover state: [3.13, 2.279, 2.028, 1.918, 1.883, 1.904, 1.991, 2.193, 2.726]
   handed over at N = 108.328, A = 72.11 (min w 0.0767)   [455s]
   already above the transition at A = 72.109 (peak 1.9e-05); stepping down
   [no interior local maximum on the coarse grid: zone-edge fallback, value is an upper bound on the offset]
   [no interior local maximum on the coarse grid: zone-edge fallback, value is an upper bound on the offset]
bin 103.995 K-1=10 -> K=11: transition A = 71.42783 (rho = 0.687; peak -1.1e-12); birth between atoms 4,5 (Fisher 9.3120, 11.1614; gap 1.8495) at t = 10.4681: f_left = 0.6251   [465s]
   Fisher gaps of the (K-1)-point at the handover state: [3.13, 2.28, 2.03, 1.921, 1.886, 1.907, 1.993, 2.194, 2.727]
   handed over at N = 103.995, A = 71.15 (min w 0.0767)   [465s]
   already above the transition at A = 71.155 (peak 2.2e-05); stepping down
   [no interior local maximum on the coarse grid: zone-edge fallback, value is an upper bound on the offset]
   [no interior local maximum on the coarse grid: zone-edge fallback, value is an upper bound on the offset]
bin 99.8348 K-1=10 -> K=11: transition A = 70.44368 (rho = 0.706; peak -1.6e-11); birth between atoms 4,5 (Fisher 9.3139, 11.1642; gap 1.8502) at t = 10.4703: f_left = 0.6250   [476s]
   Fisher gaps of the (K-1)-point at the handover state: [3.13, 2.281, 2.032, 1.924, 1.89, 1.91, 1.996, 2.195, 2.727]
   handed over at N = 99.8348, A = 70.17 (min w 0.0767)   [476s]
   already above the transition at A = 70.170 (peak 2.4e-05); stepping down
   [no interior local maximum on the coarse grid: zone-edge fallback, value is an upper bound on the offset]
bin 95.8414 K-1=10 -> K=11: transition A = 69.42874 (rho = 0.724; peak -8.1e-12); birth between atoms 4,5 (Fisher 9.3159, 11.1670; gap 1.8511) at t = 10.4731: f_left = 0.6252   [486s]
   Fisher gaps of the (K-1)-point at the handover state: [3.13, 2.282, 2.034, 1.928, 1.894, 1.914, 1.998, 2.196, 2.728]
   handed over at N = 95.8414, A = 69.16 (min w 0.0767)   [486s]
   already above the transition at A = 69.155 (peak 2.7e-05); stepping down
   [no interior local maximum on the coarse grid: zone-edge fallback, value is an upper bound on the offset]
   [no interior local maximum on the coarse grid: zone-edge fallback, value is an upper bound on the offset]
   [no interior local maximum on the coarse grid: zone-edge fallback, value is an upper bound on the offset]
bin 92.0077 K-1=10 -> K=11: transition A = 68.38253 (rho = 0.743; peak -3.7e-13); birth between atoms 4,5 (Fisher 9.3180, 11.1700; gap 1.8519) at t = 10.4756: f_left = 0.6251   [497s]
   Fisher gaps of the (K-1)-point at the handover state: [3.13, 2.283, 2.037, 1.932, 1.899, 1.918, 2.001, 2.198, 2.728]
   handed over at N = 92.0077, A = 68.11 (min w 0.0767)   [497s]
   already above the transition at A = 68.109 (peak 3.0e-05); stepping down
   [no interior local maximum on the coarse grid: zone-edge fallback, value is an upper bound on the offset]
   [no interior local maximum on the coarse grid: zone-edge fallback, value is an upper bound on the offset]
bin 88.3274 K-1=10 -> K=11: transition A = 67.30459 (rho = 0.762; peak -1.0e-11); birth between atoms 4,5 (Fisher 9.3202, 11.1730; gap 1.8528) at t = 10.4782: f_left = 0.6250   [507s]
   Fisher gaps of the (K-1)-point at the handover state: [3.131, 2.284, 2.039, 1.936, 1.904, 1.922, 2.004, 2.199, 2.729]
   handed over at N = 88.3274, A = 67.03 (min w 0.0767)   [507s]
   already above the transition at A = 67.031 (peak 3.3e-05); stepping down
   [no interior local maximum on the coarse grid: zone-edge fallback, value is an upper bound on the offset]
   [no interior local maximum on the coarse grid: zone-edge fallback, value is an upper bound on the offset]
bin 84.7943 K-1=10 -> K=11: transition A = 66.19452 (rho = 0.781; peak -1.3e-11); birth between atoms 4,5 (Fisher 9.3225, 11.1763; gap 1.8538) at t = 10.4809: f_left = 0.6249   [517s]
   Fisher gaps of the (K-1)-point at the handover state: [3.131, 2.285, 2.042, 1.94, 1.909, 1.927, 2.007, 2.201, 2.73]
   handed over at N = 84.7943, A = 65.92 (min w 0.0767)   [517s]
   already above the transition at A = 65.921 (peak 3.8e-05); stepping down
   [no interior local maximum on the coarse grid: zone-edge fallback, value is an upper bound on the offset]
bin 81.4026 K-1=10 -> K=11: transition A = 65.05198 (rho = 0.799; peak -3.4e-12); birth between atoms 4,5 (Fisher 9.3249, 11.1796; gap 1.8548) at t = 10.4838: f_left = 0.6249   [527s]
   Fisher gaps of the (K-1)-point at the handover state: [3.131, 2.287, 2.045, 1.945, 1.915, 1.933, 2.011, 2.203, 2.731]
   handed over at N = 81.4026, A = 64.78 (min w 0.0767)   [527s]
   already above the transition at A = 64.778 (peak 7.7e-06); stepping down
   [no interior local maximum on the coarse grid: zone-edge fallback, value is an upper bound on the offset]
   [no interior local maximum on the coarse grid: zone-edge fallback, value is an upper bound on the offset]
bin 80 K-1=10 -> K=11: transition A = 64.55561 (rho = 0.807; peak -1.8e-11); birth between atoms 4,5 (Fisher 9.3259, 11.1811; gap 1.8552) at t = 10.4848: f_left = 0.6247   [537s]
   Fisher gaps of the (K-1)-point at the handover state: [3.13, 2.281, 2.026, 1.91, 1.872, 1.895, 1.988, 2.194, 2.729]
   handed over at N = 80, A = 64.30 (min w 0.0767)   [537s]
   auto schedule stops: N_next = 80.000, A_next = 64.306
