seed K = 20 at A = 283.6684668069549; dropped atom 10 (w = 0.0010); (K-1)-point Poisson at A = 282.4: residual 1.4e-13, min w 0.0397
   poisson 0: A =  284.8000: v +3.460e-08 at t = 17.910; min w 0.0403
   poisson 0: A =  287.3000: v +1.517e-07 at t = 18.031; min w 0.0408
   poisson 0: A =  289.8000: v +3.258e-07 at t = 18.118; min w 0.0413
   poisson 0: A =  292.3000: v +5.700e-07 at t = 18.196; min w 0.0417
   poisson 0: A =  294.8000: v +8.993e-07 at t = 18.282; min w 0.0420
   poisson 0: A =  297.3000: v +1.330e-06 at t = 18.359; min w 0.0424
   poisson 0: fine pass 284.3000..287.5000, violation peak at t = 18.037
   poisson 0: linear fit on 16 near points: A_K = 284.0818 (slope 4.561e-08, window 284.488..287.312)
Poisson: A_20 = 284.0818; sqrt = 16.85473; first gaps (t) [3.1257, 2.2604]   [18s]
   nb 3000: A =  294.0627: v +4.622e-08 at t = 18.002; min w 0.0404
   nb 3000: A =  296.5627: v +1.602e-07 at t = 18.112; min w 0.0408
   nb 3000: A =  299.0627: v +3.248e-07 at t = 18.189; min w 0.0413
   nb 3000: A =  301.5627: v +5.508e-07 at t = 18.273; min w 0.0416
   nb 3000: A =  304.0627: v +8.505e-07 at t = 18.349; min w 0.0420
   nb 3000: A =  306.5627: v +1.237e-06 at t = 18.424; min w 0.0423
   nb 3000: A =  309.0627: v +1.725e-06 at t = 18.499; min w 0.0426
   nb 3000: fine pass 293.2627..296.5627, violation peak at t = 18.112
   nb 3000: linear fit on 16 near points: A_K = 292.9747 (slope 4.270e-08, window 293.457..296.369)
nb 3000: A_20 = 292.9747 (Fisher-invariant prediction 293.1627); L = 33.69897; Delta c = L/2 - sqrt(A_P) = -0.00524; metric part -0.26702; first gaps (Fisher) [3.1256, 2.26]; weights [0.1039, 0.0653, 0.0552]   [40s]
   continuation failed at 2000.0: residual 6.3e-07
done
