seed K = 17 at A = 214.6855 (dropped atom 8, w = 1.0e-03); (K-1)-point Poisson at A0 = 213.685: residual 9.4e-14, min w 0.0474
   already above the transition at A = 213.685 (peak 1.1e-03); stepping down
   [no interior local maximum on the coarse grid: zone-edge fallback, value is an upper bound on the offset]
bin 300 K-1=16 -> K=17: transition A = 168.82053 (peak -1.5e-13); birth between atoms 7,8 (Fisher 14.2011, 15.7977; gap 1.5965) at t = 15.1969: f_left = 0.6237   [49s]
   [no interior local maximum on the coarse grid: zone-edge fallback, value is an upper bound on the offset]
   [no interior local maximum on the coarse grid: zone-edge fallback, value is an upper bound on the offset]
   [no interior local maximum on the coarse grid: zone-edge fallback, value is an upper bound on the offset]
   [no interior local maximum on the coarse grid: zone-edge fallback, value is an upper bound on the offset]
   [no interior local maximum on the coarse grid: zone-edge fallback, value is an upper bound on the offset]
   [no interior local maximum on the coarse grid: zone-edge fallback, value is an upper bound on the offset]
   [no interior local maximum on the coarse grid: zone-edge fallback, value is an upper bound on the offset]
   [no interior local maximum on the coarse grid: zone-edge fallback, value is an upper bound on the offset]
   [no interior local maximum on the coarse grid: zone-edge fallback, value is an upper bound on the offset]
   [no interior local maximum on the coarse grid: zone-edge fallback, value is an upper bound on the offset]
   [no interior local maximum on the coarse grid: zone-edge fallback, value is an upper bound on the offset]
   [no interior local maximum on the coarse grid: zone-edge fallback, value is an upper bound on the offset]
   [no interior local maximum on the coarse grid: zone-edge fallback, value is an upper bound on the offset]
   [no interior local maximum on the coarse grid: zone-edge fallback, value is an upper bound on the offset]
   [no interior local maximum on the coarse grid: zone-edge fallback, value is an upper bound on the offset]
   [no interior local maximum on the coarse grid: zone-edge fallback, value is an upper bound on the offset]
   [no interior local maximum on the coarse grid: zone-edge fallback, value is an upper bound on the offset]
   [no interior local maximum on the coarse grid: zone-edge fallback, value is an upper bound on the offset]
   [no interior local maximum on the coarse grid: zone-edge fallback, value is an upper bound on the offset]
   [no interior local maximum on the coarse grid: zone-edge fallback, value is an upper bound on the offset]
   [no interior local maximum on the coarse grid: zone-edge fallback, value is an upper bound on the offset]
   [no interior local maximum on the coarse grid: zone-edge fallback, value is an upper bound on the offset]
   [no interior local maximum on the coarse grid: zone-edge fallback, value is an upper bound on the offset]
   [no interior local maximum on the coarse grid: zone-edge fallback, value is an upper bound on the offset]
   [no interior local maximum on the coarse grid: zone-edge fallback, value is an upper bound on the offset]
   [no interior local maximum on the coarse grid: zone-edge fallback, value is an upper bound on the offset]
   [no interior local maximum on the coarse grid: zone-edge fallback, value is an upper bound on the offset]
   [no interior local maximum on the coarse grid: zone-edge fallback, value is an upper bound on the offset]
   solve failed at A = 199.6855 (res 2.0e-14, min w -7.33e-02)
bin 200: no transition found
   [no interior local maximum on the coarse grid: zone-edge fallback, value is an upper bound on the offset]
   [no interior local maximum on the coarse grid: zone-edge fallback, value is an upper bound on the offset]
   [no interior local maximum on the coarse grid: zone-edge fallback, value is an upper bound on the offset]
   [no interior local maximum on the coarse grid: zone-edge fallback, value is an upper bound on the offset]
   [no interior local maximum on the coarse grid: zone-edge fallback, value is an upper bound on the offset]
   [no interior local maximum on the coarse grid: zone-edge fallback, value is an upper bound on the offset]
   [no interior local maximum on the coarse grid: zone-edge fallback, value is an upper bound on the offset]
   [no interior local maximum on the coarse grid: zone-edge fallback, value is an upper bound on the offset]
   [no interior local maximum on the coarse grid: zone-edge fallback, value is an upper bound on the offset]
   [no interior local maximum on the coarse grid: zone-edge fallback, value is an upper bound on the offset]
   [no interior local maximum on the coarse grid: zone-edge fallback, value is an upper bound on the offset]
   [no interior local maximum on the coarse grid: zone-edge fallback, value is an upper bound on the offset]
   [no interior local maximum on the coarse grid: zone-edge fallback, value is an upper bound on the offset]
   [no interior local maximum on the coarse grid: zone-edge fallback, value is an upper bound on the offset]
   [no interior local maximum on the coarse grid: zone-edge fallback, value is an upper bound on the offset]
   [no interior local maximum on the coarse grid: zone-edge fallback, value is an upper bound on the offset]
   [no interior local maximum on the coarse grid: zone-edge fallback, value is an upper bound on the offset]
   [no interior local maximum on the coarse grid: zone-edge fallback, value is an upper bound on the offset]
   [no interior local maximum on the coarse grid: zone-edge fallback, value is an upper bound on the offset]
   [no interior local maximum on the coarse grid: zone-edge fallback, value is an upper bound on the offset]
   [no interior local maximum on the coarse grid: zone-edge fallback, value is an upper bound on the offset]
   [no interior local maximum on the coarse grid: zone-edge fallback, value is an upper bound on the offset]
   [no interior local maximum on the coarse grid: zone-edge fallback, value is an upper bound on the offset]
   [no interior local maximum on the coarse grid: zone-edge fallback, value is an upper bound on the offset]
   [no interior local maximum on the coarse grid: zone-edge fallback, value is an upper bound on the offset]
   [no interior local maximum on the coarse grid: zone-edge fallback, value is an upper bound on the offset]
   [no interior local maximum on the coarse grid: zone-edge fallback, value is an upper bound on the offset]
   [no interior local maximum on the coarse grid: zone-edge fallback, value is an upper bound on the offset]
   [no interior local maximum on the coarse grid: zone-edge fallback, value is an upper bound on the offset]
   [no interior local maximum on the coarse grid: zone-edge fallback, value is an upper bound on the offset]
   [no interior local maximum on the coarse grid: zone-edge fallback, value is an upper bound on the offset]
   [no interior local maximum on the coarse grid: zone-edge fallback, value is an upper bound on the offset]
   [no interior local maximum on the coarse grid: zone-edge fallback, value is an upper bound on the offset]
   [no interior local maximum on the coarse grid: zone-edge fallback, value is an upper bound on the offset]
   [no interior local maximum on the coarse grid: zone-edge fallback, value is an upper bound on the offset]
   [no interior local maximum on the coarse grid: zone-edge fallback, value is an upper bound on the offset]
   [no interior local maximum on the coarse grid: zone-edge fallback, value is an upper bound on the offset]
   [no interior local maximum on the coarse grid: zone-edge fallback, value is an upper bound on the offset]
   [no interior local maximum on the coarse grid: zone-edge fallback, value is an upper bound on the offset]
   [no interior local maximum on the coarse grid: zone-edge fallback, value is an upper bound on the offset]
   [no interior local maximum on the coarse grid: zone-edge fallback, value is an upper bound on the offset]
   [no interior local maximum on the coarse grid: zone-edge fallback, value is an upper bound on the offset]
   [no interior local maximum on the coarse grid: zone-edge fallback, value is an upper bound on the offset]
   [no interior local maximum on the coarse grid: zone-edge fallback, value is an upper bound on the offset]
   [no interior local maximum on the coarse grid: zone-edge fallback, value is an upper bound on the offset]
   [no interior local maximum on the coarse grid: zone-edge fallback, value is an upper bound on the offset]
   [no interior local maximum on the coarse grid: zone-edge fallback, value is an upper bound on the offset]
   [no interior local maximum on the coarse grid: zone-edge fallback, value is an upper bound on the offset]
   [no interior local maximum on the coarse grid: zone-edge fallback, value is an upper bound on the offset]
   [no interior local maximum on the coarse grid: zone-edge fallback, value is an upper bound on the offset]
   [no interior local maximum on the coarse grid: zone-edge fallback, value is an upper bound on the offset]
   [no interior local maximum on the coarse grid: zone-edge fallback, value is an upper bound on the offset]
   [no interior local maximum on the coarse grid: zone-edge fallback, value is an upper bound on the offset]
   [no interior local maximum on the coarse grid: zone-edge fallback, value is an upper bound on the offset]
   [no interior local maximum on the coarse grid: zone-edge fallback, value is an upper bound on the offset]
   [no interior local maximum on the coarse grid: zone-edge fallback, value is an upper bound on the offset]
   [no interior local maximum on the coarse grid: zone-edge fallback, value is an upper bound on the offset]
   [no interior local maximum on the coarse grid: zone-edge fallback, value is an upper bound on the offset]
   [no interior local maximum on the coarse grid: zone-edge fallback, value is an upper bound on the offset]
   [no interior local maximum on the coarse grid: zone-edge fallback, value is an upper bound on the offset]
   [no interior local maximum on the coarse grid: zone-edge fallback, value is an upper bound on the offset]
   [no interior local maximum on the coarse grid: zone-edge fallback, value is an upper bound on the offset]
   [no interior local maximum on the coarse grid: zone-edge fallback, value is an upper bound on the offset]
   [no interior local maximum on the coarse grid: zone-edge fallback, value is an upper bound on the offset]
   [no interior local maximum on the coarse grid: zone-edge fallback, value is an upper bound on the offset]
   [no interior local maximum on the coarse grid: zone-edge fallback, value is an upper bound on the offset]
   [no interior local maximum on the coarse grid: zone-edge fallback, value is an upper bound on the offset]
   [no interior local maximum on the coarse grid: zone-edge fallback, value is an upper bound on the offset]
   [no interior local maximum on the coarse grid: zone-edge fallback, value is an upper bound on the offset]
   [no interior local maximum on the coarse grid: zone-edge fallback, value is an upper bound on the offset]
   [no interior local maximum on the coarse grid: zone-edge fallback, value is an upper bound on the offset]
   [no interior local maximum on the coarse grid: zone-edge fallback, value is an upper bound on the offset]
   [no interior local maximum on the coarse grid: zone-edge fallback, value is an upper bound on the offset]
   [no interior local maximum on the coarse grid: zone-edge fallback, value is an upper bound on the offset]
   [no interior local maximum on the coarse grid: zone-edge fallback, value is an upper bound on the offset]
   [no interior local maximum on the coarse grid: zone-edge fallback, value is an upper bound on the offset]
   [no interior local maximum on the coarse grid: zone-edge fallback, value is an upper bound on the offset]
   [no interior local maximum on the coarse grid: zone-edge fallback, value is an upper bound on the offset]
   [no interior local maximum on the coarse grid: zone-edge fallback, value is an upper bound on the offset]
   [no interior local maximum on the coarse grid: zone-edge fallback, value is an upper bound on the offset]
   [no interior local maximum on the coarse grid: zone-edge fallback, value is an upper bound on the offset]
   [no interior local maximum on the coarse grid: zone-edge fallback, value is an upper bound on the offset]
   [no interior local maximum on the coarse grid: zone-edge fallback, value is an upper bound on the offset]
   [no interior local maximum on the coarse grid: zone-edge fallback, value is an upper bound on the offset]
   [no interior local maximum on the coarse grid: zone-edge fallback, value is an upper bound on the offset]
   [no interior local maximum on the coarse grid: zone-edge fallback, value is an upper bound on the offset]
   [no interior local maximum on the coarse grid: zone-edge fallback, value is an upper bound on the offset]
   [no interior local maximum on the coarse grid: zone-edge fallback, value is an upper bound on the offset]
   [no interior local maximum on the coarse grid: zone-edge fallback, value is an upper bound on the offset]
   [no interior local maximum on the coarse grid: zone-edge fallback, value is an upper bound on the offset]
   [no interior local maximum on the coarse grid: zone-edge fallback, value is an upper bound on the offset]
   [no interior local maximum on the coarse grid: zone-edge fallback, value is an upper bound on the offset]
   [no interior local maximum on the coarse grid: zone-edge fallback, value is an upper bound on the offset]
   [no interior local maximum on the coarse grid: zone-edge fallback, value is an upper bound on the offset]
   [no interior local maximum on the coarse grid: zone-edge fallback, value is an upper bound on the offset]
   [no interior local maximum on the coarse grid: zone-edge fallback, value is an upper bound on the offset]
   [no interior local maximum on the coarse grid: zone-edge fallback, value is an upper bound on the offset]
   [no interior local maximum on the coarse grid: zone-edge fallback, value is an upper bound on the offset]
   [no interior local maximum on the coarse grid: zone-edge fallback, value is an upper bound on the offset]
   [no interior local maximum on the coarse grid: zone-edge fallback, value is an upper bound on the offset]
   [no interior local maximum on the coarse grid: zone-edge fallback, value is an upper bound on the offset]
   [no interior local maximum on the coarse grid: zone-edge fallback, value is an upper bound on the offset]
   [no interior local maximum on the coarse grid: zone-edge fallback, value is an upper bound on the offset]
   [no interior local maximum on the coarse grid: zone-edge fallback, value is an upper bound on the offset]
   [no interior local maximum on the coarse grid: zone-edge fallback, value is an upper bound on the offset]
   [no interior local maximum on the coarse grid: zone-edge fallback, value is an upper bound on the offset]
   [no interior local maximum on the coarse grid: zone-edge fallback, value is an upper bound on the offset]
   [no interior local maximum on the coarse grid: zone-edge fallback, value is an upper bound on the offset]
   solve failed at A = 159.6855 (res 1.2e-14, min w -6.73e-02)
bin 160: no transition found
   [no interior local maximum on the coarse grid: zone-edge fallback, value is an upper bound on the offset]
   [no interior local maximum on the coarse grid: zone-edge fallback, value is an upper bound on the offset]
   [no interior local maximum on the coarse grid: zone-edge fallback, value is an upper bound on the offset]
   [no interior local maximum on the coarse grid: zone-edge fallback, value is an upper bound on the offset]
   [no interior local maximum on the coarse grid: zone-edge fallback, value is an upper bound on the offset]
   [no interior local maximum on the coarse grid: zone-edge fallback, value is an upper bound on the offset]
   [no interior local maximum on the coarse grid: zone-edge fallback, value is an upper bound on the offset]
   [no interior local maximum on the coarse grid: zone-edge fallback, value is an upper bound on the offset]
   [no interior local maximum on the coarse grid: zone-edge fallback, value is an upper bound on the offset]
   [no interior local maximum on the coarse grid: zone-edge fallback, value is an upper bound on the offset]
   [no interior local maximum on the coarse grid: zone-edge fallback, value is an upper bound on the offset]
   [no interior local maximum on the coarse grid: zone-edge fallback, value is an upper bound on the offset]
   [no interior local maximum on the coarse grid: zone-edge fallback, value is an upper bound on the offset]
   [no interior local maximum on the coarse grid: zone-edge fallback, value is an upper bound on the offset]
   [no interior local maximum on the coarse grid: zone-edge fallback, value is an upper bound on the offset]
   [no interior local maximum on the coarse grid: zone-edge fallback, value is an upper bound on the offset]
   [no interior local maximum on the coarse grid: zone-edge fallback, value is an upper bound on the offset]
   [no interior local maximum on the coarse grid: zone-edge fallback, value is an upper bound on the offset]
   [no interior local maximum on the coarse grid: zone-edge fallback, value is an upper bound on the offset]
   [no interior local maximum on the coarse grid: zone-edge fallback, value is an upper bound on the offset]
   [no interior local maximum on the coarse grid: zone-edge fallback, value is an upper bound on the offset]
   [no interior local maximum on the coarse grid: zone-edge fallback, value is an upper bound on the offset]
   [no interior local maximum on the coarse grid: zone-edge fallback, value is an upper bound on the offset]
   [no interior local maximum on the coarse grid: zone-edge fallback, value is an upper bound on the offset]
   [no interior local maximum on the coarse grid: zone-edge fallback, value is an upper bound on the offset]
   [no interior local maximum on the coarse grid: zone-edge fallback, value is an upper bound on the offset]
   [no interior local maximum on the coarse grid: zone-edge fallback, value is an upper bound on the offset]
   [no interior local maximum on the coarse grid: zone-edge fallback, value is an upper bound on the offset]
   [no interior local maximum on the coarse grid: zone-edge fallback, value is an upper bound on the offset]
   [no interior local maximum on the coarse grid: zone-edge fallback, value is an upper bound on the offset]
   [no interior local maximum on the coarse grid: zone-edge fallback, value is an upper bound on the offset]
   [no interior local maximum on the coarse grid: zone-edge fallback, value is an upper bound on the offset]
   [no interior local maximum on the coarse grid: zone-edge fallback, value is an upper bound on the offset]
   [no interior local maximum on the coarse grid: zone-edge fallback, value is an upper bound on the offset]
   [no interior local maximum on the coarse grid: zone-edge fallback, value is an upper bound on the offset]
   [no interior local maximum on the coarse grid: zone-edge fallback, value is an upper bound on the offset]
   [no interior local maximum on the coarse grid: zone-edge fallback, value is an upper bound on the offset]
   [no interior local maximum on the coarse grid: zone-edge fallback, value is an upper bound on the offset]
   [no interior local maximum on the coarse grid: zone-edge fallback, value is an upper bound on the offset]
   [no interior local maximum on the coarse grid: zone-edge fallback, value is an upper bound on the offset]
   [no interior local maximum on the coarse grid: zone-edge fallback, value is an upper bound on the offset]
   [no interior local maximum on the coarse grid: zone-edge fallback, value is an upper bound on the offset]
   [no interior local maximum on the coarse grid: zone-edge fallback, value is an upper bound on the offset]
   [no interior local maximum on the coarse grid: zone-edge fallback, value is an upper bound on the offset]
   [no interior local maximum on the coarse grid: zone-edge fallback, value is an upper bound on the offset]
   [no interior local maximum on the coarse grid: zone-edge fallback, value is an upper bound on the offset]
   [no interior local maximum on the coarse grid: zone-edge fallback, value is an upper bound on the offset]
   [no interior local maximum on the coarse grid: zone-edge fallback, value is an upper bound on the offset]
   [no interior local maximum on the coarse grid: zone-edge fallback, value is an upper bound on the offset]
   [no interior local maximum on the coarse grid: zone-edge fallback, value is an upper bound on the offset]
   [no interior local maximum on the coarse grid: zone-edge fallback, value is an upper bound on the offset]
   [no interior local maximum on the coarse grid: zone-edge fallback, value is an upper bound on the offset]
   [no interior local maximum on the coarse grid: zone-edge fallback, value is an upper bound on the offset]
   [no interior local maximum on the coarse grid: zone-edge fallback, value is an upper bound on the offset]
   [no interior local maximum on the coarse grid: zone-edge fallback, value is an upper bound on the offset]
   [no interior local maximum on the coarse grid: zone-edge fallback, value is an upper bound on the offset]
   [no interior local maximum on the coarse grid: zone-edge fallback, value is an upper bound on the offset]
   [no interior local maximum on the coarse grid: zone-edge fallback, value is an upper bound on the offset]
   [no interior local maximum on the coarse grid: zone-edge fallback, value is an upper bound on the offset]
   [no interior local maximum on the coarse grid: zone-edge fallback, value is an upper bound on the offset]
   [no interior local maximum on the coarse grid: zone-edge fallback, value is an upper bound on the offset]
   [no interior local maximum on the coarse grid: zone-edge fallback, value is an upper bound on the offset]
   [no interior local maximum on the coarse grid: zone-edge fallback, value is an upper bound on the offset]
   [no interior local maximum on the coarse grid: zone-edge fallback, value is an upper bound on the offset]
   [no interior local maximum on the coarse grid: zone-edge fallback, value is an upper bound on the offset]
   [no interior local maximum on the coarse grid: zone-edge fallback, value is an upper bound on the offset]
   [no interior local maximum on the coarse grid: zone-edge fallback, value is an upper bound on the offset]
   [no interior local maximum on the coarse grid: zone-edge fallback, value is an upper bound on the offset]
   [no interior local maximum on the coarse grid: zone-edge fallback, value is an upper bound on the offset]
   [no interior local maximum on the coarse grid: zone-edge fallback, value is an upper bound on the offset]
   [no interior local maximum on the coarse grid: zone-edge fallback, value is an upper bound on the offset]
   [no interior local maximum on the coarse grid: zone-edge fallback, value is an upper bound on the offset]
   [no interior local maximum on the coarse grid: zone-edge fallback, value is an upper bound on the offset]
   [no interior local maximum on the coarse grid: zone-edge fallback, value is an upper bound on the offset]
   [no interior local maximum on the coarse grid: zone-edge fallback, value is an upper bound on the offset]
   [no interior local maximum on the coarse grid: zone-edge fallback, value is an upper bound on the offset]
   [no interior local maximum on the coarse grid: zone-edge fallback, value is an upper bound on the offset]
   [no interior local maximum on the coarse grid: zone-edge fallback, value is an upper bound on the offset]
   [no interior local maximum on the coarse grid: zone-edge fallback, value is an upper bound on the offset]
   [no interior local maximum on the coarse grid: zone-edge fallback, value is an upper bound on the offset]
   [no interior local maximum on the coarse grid: zone-edge fallback, value is an upper bound on the offset]
   [no interior local maximum on the coarse grid: zone-edge fallback, value is an upper bound on the offset]
   [no interior local maximum on the coarse grid: zone-edge fallback, value is an upper bound on the offset]
   [no interior local maximum on the coarse grid: zone-edge fallback, value is an upper bound on the offset]
   [no interior local maximum on the coarse grid: zone-edge fallback, value is an upper bound on the offset]
   [no interior local maximum on the coarse grid: zone-edge fallback, value is an upper bound on the offset]
   [no interior local maximum on the coarse grid: zone-edge fallback, value is an upper bound on the offset]
   [no interior local maximum on the coarse grid: zone-edge fallback, value is an upper bound on the offset]
   [no interior local maximum on the coarse grid: zone-edge fallback, value is an upper bound on the offset]
   [no interior local maximum on the coarse grid: zone-edge fallback, value is an upper bound on the offset]
   [no interior local maximum on the coarse grid: zone-edge fallback, value is an upper bound on the offset]
   [no interior local maximum on the coarse grid: zone-edge fallback, value is an upper bound on the offset]
   [no interior local maximum on the coarse grid: zone-edge fallback, value is an upper bound on the offset]
   [no interior local maximum on the coarse grid: zone-edge fallback, value is an upper bound on the offset]
   [no interior local maximum on the coarse grid: zone-edge fallback, value is an upper bound on the offset]
   [no interior local maximum on the coarse grid: zone-edge fallback, value is an upper bound on the offset]
   [no interior local maximum on the coarse grid: zone-edge fallback, value is an upper bound on the offset]
   [no interior local maximum on the coarse grid: zone-edge fallback, value is an upper bound on the offset]
   [no interior local maximum on the coarse grid: zone-edge fallback, value is an upper bound on the offset]
   [no interior local maximum on the coarse grid: zone-edge fallback, value is an upper bound on the offset]
   [no interior local maximum on the coarse grid: zone-edge fallback, value is an upper bound on the offset]
   [no interior local maximum on the coarse grid: zone-edge fallback, value is an upper bound on the offset]
   [no interior local maximum on the coarse grid: zone-edge fallback, value is an upper bound on the offset]
   [no interior local maximum on the coarse grid: zone-edge fallback, value is an upper bound on the offset]
   [no interior local maximum on the coarse grid: zone-edge fallback, value is an upper bound on the offset]
   [no interior local maximum on the coarse grid: zone-edge fallback, value is an upper bound on the offset]
   [no interior local maximum on the coarse grid: zone-edge fallback, value is an upper bound on the offset]
   [no interior local maximum on the coarse grid: zone-edge fallback, value is an upper bound on the offset]
   [no interior local maximum on the coarse grid: zone-edge fallback, value is an upper bound on the offset]
   [no interior local maximum on the coarse grid: zone-edge fallback, value is an upper bound on the offset]
   [no interior local maximum on the coarse grid: zone-edge fallback, value is an upper bound on the offset]
   [no interior local maximum on the coarse grid: zone-edge fallback, value is an upper bound on the offset]
   [no interior local maximum on the coarse grid: zone-edge fallback, value is an upper bound on the offset]
   [no interior local maximum on the coarse grid: zone-edge fallback, value is an upper bound on the offset]
   [no interior local maximum on the coarse grid: zone-edge fallback, value is an upper bound on the offset]
   [no interior local maximum on the coarse grid: zone-edge fallback, value is an upper bound on the offset]
   [no interior local maximum on the coarse grid: zone-edge fallback, value is an upper bound on the offset]
   [no interior local maximum on the coarse grid: zone-edge fallback, value is an upper bound on the offset]
   [no interior local maximum on the coarse grid: zone-edge fallback, value is an upper bound on the offset]
   [no interior local maximum on the coarse grid: zone-edge fallback, value is an upper bound on the offset]
   [no interior local maximum on the coarse grid: zone-edge fallback, value is an upper bound on the offset]
   [no interior local maximum on the coarse grid: zone-edge fallback, value is an upper bound on the offset]
   [no interior local maximum on the coarse grid: zone-edge fallback, value is an upper bound on the offset]
   [no interior local maximum on the coarse grid: zone-edge fallback, value is an upper bound on the offset]
   [no interior local maximum on the coarse grid: zone-edge fallback, value is an upper bound on the offset]
   [no interior local maximum on the coarse grid: zone-edge fallback, value is an upper bound on the offset]
   [no interior local maximum on the coarse grid: zone-edge fallback, value is an upper bound on the offset]
   [no interior local maximum on the coarse grid: zone-edge fallback, value is an upper bound on the offset]
   [no interior local maximum on the coarse grid: zone-edge fallback, value is an upper bound on the offset]
   [no interior local maximum on the coarse grid: zone-edge fallback, value is an upper bound on the offset]
   [no interior local maximum on the coarse grid: zone-edge fallback, value is an upper bound on the offset]
   [no interior local maximum on the coarse grid: zone-edge fallback, value is an upper bound on the offset]
   [no interior local maximum on the coarse grid: zone-edge fallback, value is an upper bound on the offset]
   [no interior local maximum on the coarse grid: zone-edge fallback, value is an upper bound on the offset]
   [no interior local maximum on the coarse grid: zone-edge fallback, value is an upper bound on the offset]
   [no interior local maximum on the coarse grid: zone-edge fallback, value is an upper bound on the offset]
   [no interior local maximum on the coarse grid: zone-edge fallback, value is an upper bound on the offset]
   [no interior local maximum on the coarse grid: zone-edge fallback, value is an upper bound on the offset]
   [no interior local maximum on the coarse grid: zone-edge fallback, value is an upper bound on the offset]
   [no interior local maximum on the coarse grid: zone-edge fallback, value is an upper bound on the offset]
   [no interior local maximum on the coarse grid: zone-edge fallback, value is an upper bound on the offset]
   [no interior local maximum on the coarse grid: zone-edge fallback, value is an upper bound on the offset]
   [no interior local maximum on the coarse grid: zone-edge fallback, value is an upper bound on the offset]
   [no interior local maximum on the coarse grid: zone-edge fallback, value is an upper bound on the offset]
   [no interior local maximum on the coarse grid: zone-edge fallback, value is an upper bound on the offset]
   [no interior local maximum on the coarse grid: zone-edge fallback, value is an upper bound on the offset]
   [no interior local maximum on the coarse grid: zone-edge fallback, value is an upper bound on the offset]
   [no interior local maximum on the coarse grid: zone-edge fallback, value is an upper bound on the offset]
   solve failed at A = 139.6855 (res 2.6e-05, min w -1.13e+00)
bin 140: no transition found
