c60: K = 13 (centre split signal), 5 interior pairs, A0 = 12.036, prec 128
   A = 12.0360000000  s = -9.1229e-07  |E| = 3.3e-23 (tol 1e-17)  it 5  conv True   [0s]
   A = 12.0390000000  s = -4.0341e-07  |E| = 6.3e-23 (tol 1e-17)  it 3  conv True   [0s]
   A = 12.0420000000  s = +1.1347e-07  |E| = 6.3e-23 (tol 1e-17)  it 3  conv True   [1s]
   A = 12.0413414213  s = -6.8911e-10  |E| = 8.7e-24 (tol 1e-17)  it 3  conv True   [1s]
   A = 12.0416707106  s = +5.6342e-08  |E| = 1.3e-30 (tol 1e-17)  it 3  conv True   [1s]
   A = 12.0415060659  s = +2.7814e-08  |E| = 9.1e-18 (tol 1e-17)  it 2  conv True   [1s]
   A = 12.0414237436  s = +1.3559e-08  |E| = 5.7e-19 (tol 1e-17)  it 2  conv True   [1s]
   A = 12.0413825824  s = +6.4344e-09  |E| = 3.6e-20 (tol 1e-17)  it 2  conv True   [2s]
   A = 12.0413620018  s = +2.8725e-09  |E| = 2.2e-21 (tol 1e-17)  it 2  conv True   [2s]
   A = 12.0413454033  s = -2.9577e-14  |E| = 3.1e-24 (tol 1e-17)  it 2  conv True   [2s]
   A = 12.0413537026  s = +1.4362e-09  |E| = 5.9e-23 (tol 1e-17)  it 2  conv True   [2s]
   A = 12.0413495529  s = +7.1807e-10  |E| = 3.7e-24 (tol 1e-17)  it 2  conv True   [2s]
   A = 12.0413474781  s = +3.5902e-10  |E| = 2.3e-25 (tol 1e-17)  it 2  conv True   [2s]
   A = 12.0413464407  s = +1.7949e-10  |E| = 1.4e-26 (tol 1e-17)  it 2  conv True   [2s]
   A = 12.0413459220  s = +8.9732e-11  |E| = 9.0e-28 (tol 1e-17)  it 2  conv True   [3s]
   A = 12.0413456626  s = +4.4851e-11  |E| = 5.6e-29 (tol 1e-17)  it 2  conv True   [3s]
   A = 12.0413455329  s = +2.2411e-11  |E| = 3.5e-30 (tol 1e-17)  it 2  conv True   [3s]
   A = 12.0413454681  s = +1.1191e-11  |E| = 2.2e-31 (tol 1e-17)  it 2  conv True   [3s]
   A = 12.0413454357  s = +5.5805e-12  |E| = 1.4e-32 (tol 1e-17)  it 2  conv True   [3s]
   A = 12.0413454195  s = +2.7755e-12  |E| = 8.6e-34 (tol 1e-17)  it 2  conv True   [3s]
   A = 12.0413454114  s = +1.3730e-12  |E| = 3.5e-18 (tol 1e-17)  it 1  conv True   [3s]
   A = 12.0413454073  s = +6.7169e-13  |E| = 8.8e-19 (tol 1e-17)  it 1  conv True   [3s]
   A = 12.0413454053  s = +3.2105e-13  |E| = 2.2e-19 (tol 1e-17)  it 1  conv True   [3s]
   A = 12.0413454043  s = +1.4574e-13  |E| = 5.5e-20 (tol 1e-17)  it 1  conv True   [4s]
   A = 12.0413454034  s = +6.7250e-21  |E| = 1.6e-21 (tol 1e-17)  it 1  conv True   [4s]
   A = 12.0413454033  s = -1.4789e-14  |E| = 3.9e-22 (tol 1e-17)  it 1  conv True   [4s]
RESULT gate_K13: K = 13 -> 14 at A_t = 12.0413454034 (bracket [12.0413454033, 12.0413454034])
done [4s]
