c60: K = 6 (centre birth signal), 2 interior pairs, A0 = 6.0335, prec 128
   A = 6.0335000000  s = -2.7052e-05  |E| = 4.2e-24 (tol 2e-15)  it 4  conv True   [0s]
   A = 6.0365000000  s = -1.4325e-05  |E| = 5.8e-25 (tol 2e-15)  it 3  conv True   [0s]
   A = 6.0395000000  s = -1.4335e-06  |E| = 5.6e-25 (tol 2e-15)  it 3  conv True   [0s]
   A = 6.0425000000  s = +1.1622e-05  |E| = 5.5e-25 (tol 2e-15)  it 3  conv True   [0s]
   A = 6.0398293847  s = -8.0633e-09  |E| = 3.8e-17 (tol 2e-15)  it 2  conv True   [0s]
   A = 6.0411646923  s = +5.7908e-06  |E| = 8.6e-28 (tol 2e-15)  it 3  conv True   [0s]
   A = 6.0404970385  s = +2.8873e-06  |E| = 6.4e-16 (tol 2e-15)  it 2  conv True   [0s]
   A = 6.0401632116  s = +1.4386e-06  |E| = 4.0e-17 (tol 2e-15)  it 2  conv True   [1s]
   A = 6.0399962981  s = +7.1501e-07  |E| = 2.5e-18 (tol 2e-15)  it 2  conv True   [1s]
   A = 6.0399128414  s = +3.5341e-07  |E| = 1.6e-19 (tol 2e-15)  it 2  conv True   [1s]
   A = 6.0398711130  s = +1.7266e-07  |E| = 9.8e-21 (tol 2e-15)  it 2  conv True   [1s]
   A = 6.0398502489  s = +8.2293e-08  |E| = 6.1e-22 (tol 2e-15)  it 2  conv True   [1s]
   A = 6.0398398168  s = +3.7114e-08  |E| = 3.8e-23 (tol 2e-15)  it 2  conv True   [1s]
   A = 6.0398312466  s = -1.4611e-13  |E| = 3.9e-26 (tol 2e-15)  it 2  conv True   [1s]
   A = 6.0398355317  s = +1.8557e-08  |E| = 1.1e-24 (tol 2e-15)  it 2  conv True   [1s]
   A = 6.0398333892  s = +9.2782e-09  |E| = 6.8e-26 (tol 2e-15)  it 2  conv True   [1s]
   A = 6.0398323179  s = +4.6390e-09  |E| = 4.3e-27 (tol 2e-15)  it 2  conv True   [1s]
   A = 6.0398317823  s = +2.3194e-09  |E| = 2.7e-28 (tol 2e-15)  it 2  conv True   [1s]
   A = 6.0398315145  s = +1.1596e-09  |E| = 1.7e-29 (tol 2e-15)  it 2  conv True   [1s]
   A = 6.0398313805  s = +5.7975e-10  |E| = 5.9e-16 (tol 2e-15)  it 1  conv True   [1s]
   A = 6.0398313136  s = +2.8980e-10  |E| = 1.5e-16 (tol 2e-15)  it 1  conv True   [1s]
   A = 6.0398312801  s = +1.4483e-10  |E| = 3.7e-17 (tol 2e-15)  it 1  conv True   [1s]
   A = 6.0398312634  s = +7.2340e-11  |E| = 9.2e-18 (tol 2e-15)  it 1  conv True   [1s]
   A = 6.0398312550  s = +3.6097e-11  |E| = 2.3e-18 (tol 2e-15)  it 1  conv True   [1s]
   A = 6.0398312508  s = +1.7976e-11  |E| = 5.8e-19 (tol 2e-15)  it 1  conv True   [1s]
   A = 6.0398312487  s = +8.9147e-12  |E| = 1.4e-19 (tol 2e-15)  it 1  conv True   [1s]
   A = 6.0398312477  s = +4.3843e-12  |E| = 3.6e-20 (tol 2e-15)  it 1  conv True   [1s]
   A = 6.0398312472  s = +2.1191e-12  |E| = 9.0e-21 (tol 2e-15)  it 1  conv True   [1s]
   A = 6.0398312469  s = +9.8650e-13  |E| = 2.2e-21 (tol 2e-15)  it 1  conv True   [1s]
   A = 6.0398312467  s = -1.2627e-18  |E| = 3.7e-23 (tol 2e-15)  it 1  conv True   [1s]
   A = 6.0398312468  s = +4.9325e-13  |E| = 4.3e-22 (tol 2e-15)  it 1  conv True   [1s]
   A = 6.0398312467  s = +2.4662e-13  |E| = 1.1e-22 (tol 2e-15)  it 1  conv True   [1s]
RESULT gate_K6: K = 6 -> 7 at A_t = 6.0398312467 (bracket [6.0398312467, 6.0398312467])
done [1s]
