c60: K = 18 (centre birth signal), 8 interior pairs, A0 = 15.792512, prec 128
   A = 15.7925120000  s = -8.7725e-09  |E| = 8.0e-26 (tol 6e-19)  it 5  conv True   [1s]
   A = 15.7955120000  s = -4.5170e-09  |E| = 7.5e-23 (tol 6e-19)  it 3  conv True   [1s]
   A = 15.7985120000  s = -1.6785e-10  |E| = 7.5e-23 (tol 6e-19)  it 3  conv True   [1s]
   A = 15.8015120000  s = +4.2762e-09  |E| = 7.5e-23 (tol 6e-19)  it 3  conv True   [2s]
   A = 15.8000120000  s = +2.0422e-09  |E| = 2.9e-25 (tol 6e-19)  it 3  conv True   [2s]
   A = 15.7992620000  s = +9.3422e-10  |E| = 1.1e-27 (tol 6e-19)  it 3  conv True   [3s]
   A = 15.7986262310  s = -3.8300e-13  |E| = 3.3e-34 (tol 6e-19)  it 3  conv True   [3s]
   A = 15.7989441155  s = +4.6638e-10  |E| = 1.2e-30 (tol 6e-19)  it 3  conv True   [4s]
   A = 15.7987851733  s = +2.3287e-10  |E| = 4.7e-33 (tol 6e-19)  it 3  conv True   [4s]
   A = 15.7987057022  s = +1.1621e-10  |E| = 5.2e-19 (tol 6e-19)  it 2  conv True   [4s]
   A = 15.7986659666  s = +5.7905e-11  |E| = 3.2e-20 (tol 6e-19)  it 2  conv True   [5s]
   A = 15.7986460988  s = +2.8759e-11  |E| = 2.0e-21 (tol 6e-19)  it 2  conv True   [5s]
   A = 15.7986361649  s = +1.4187e-11  |E| = 1.3e-22 (tol 6e-19)  it 2  conv True   [5s]
   A = 15.7986311980  s = +6.9020e-12  |E| = 7.9e-24 (tol 6e-19)  it 2  conv True   [6s]
   A = 15.7986287145  s = +3.2595e-12  |E| = 5.0e-25 (tol 6e-19)  it 2  conv True   [6s]
   A = 15.7986264922  s = -3.0594e-18  |E| = 6.1e-29 (tol 6e-19)  it 2  conv True   [6s]
   A = 15.7986276033  s = +1.6297e-12  |E| = 2.0e-26 (tol 6e-19)  it 2  conv True   [7s]
   A = 15.7986270478  s = +8.1487e-13  |E| = 1.2e-27 (tol 6e-19)  it 2  conv True   [7s]
   A = 15.7986267700  s = +4.0743e-13  |E| = 7.8e-29 (tol 6e-19)  it 2  conv True   [7s]
   A = 15.7986266311  s = +2.0371e-13  |E| = 4.8e-30 (tol 6e-19)  it 2  conv True   [7s]
   A = 15.7986265616  s = +1.0186e-13  |E| = 3.0e-31 (tol 6e-19)  it 2  conv True   [8s]
   A = 15.7986265269  s = +5.0926e-14  |E| = 1.9e-32 (tol 6e-19)  it 2  conv True   [8s]
   A = 15.7986265095  s = +2.5462e-14  |E| = 1.2e-33 (tol 6e-19)  it 2  conv True   [8s]
   A = 15.7986265009  s = +1.2729e-14  |E| = 7.4e-35 (tol 6e-19)  it 2  conv True   [9s]
   A = 15.7986264965  s = +6.3631e-15  |E| = 4.6e-36 (tol 6e-19)  it 2  conv True   [9s]
   A = 15.7986264943  s = +3.1800e-15  |E| = 2.5e-19 (tol 6e-19)  it 1  conv True   [9s]
   A = 15.7986264933  s = +1.5885e-15  |E| = 6.4e-20 (tol 6e-19)  it 1  conv True   [9s]
   A = 15.7986264927  s = +7.9271e-16  |E| = 1.6e-20 (tol 6e-19)  it 1  conv True   [9s]
   A = 15.7986264924  s = +3.9482e-16  |E| = 4.0e-21 (tol 6e-19)  it 1  conv True   [10s]
   A = 15.7986264923  s = +1.9588e-16  |E| = 9.9e-22 (tol 6e-19)  it 1  conv True   [10s]
   A = 15.7986264922  s = +9.6410e-17  |E| = 2.5e-22 (tol 6e-19)  it 1  conv True   [10s]
RESULT K18: K = 18 -> 19 at A_t = 15.7986264922 (bracket [15.7986264922, 15.7986264922])
done [10s]
