c60: K = 20 (centre birth signal), 9 interior pairs, A0 = 17.217941, prec 128
   A = 17.2179410000  s = -3.1757e-09  |E| = 2.2e-21 (tol 2e-19)  it 5  conv True   [1s]
   A = 17.2209410000  s = -1.6363e-09  |E| = 7.5e-23 (tol 2e-19)  it 3  conv True   [1s]
   A = 17.2239410000  s = -6.1635e-11  |E| = 7.5e-23 (tol 2e-19)  it 3  conv True   [2s]
   A = 17.2269410000  s = +1.5489e-09  |E| = 7.5e-23 (tol 2e-19)  it 3  conv True   [3s]
   A = 17.2254410000  s = +7.3912e-10  |E| = 2.9e-25 (tol 2e-19)  it 3  conv True   [3s]
   A = 17.2246910000  s = +3.3762e-10  |E| = 1.2e-27 (tol 2e-19)  it 3  conv True   [4s]
   A = 17.2240567818  s = -1.4620e-13  |E| = 3.7e-34 (tol 2e-19)  it 3  conv True   [4s]
   A = 17.2243738909  s = +1.6854e-10  |E| = 1.2e-30 (tol 2e-19)  it 3  conv True   [5s]
   A = 17.2242153364  s = +8.4145e-11  |E| = 4.6e-33 (tol 2e-19)  it 3  conv True   [5s]
   A = 17.2241360591  s = +4.1987e-11  |E| = 1.8e-35 (tol 2e-19)  it 3  conv True   [6s]
   A = 17.2240964205  s = +2.0917e-11  |E| = 3.2e-20 (tol 2e-19)  it 2  conv True   [6s]
   A = 17.2240766012  s = +1.0385e-11  |E| = 2.0e-21 (tol 2e-19)  it 2  conv True   [7s]
   A = 17.2240666915  s = +5.1191e-12  |E| = 1.3e-22 (tol 2e-19)  it 2  conv True   [7s]
   A = 17.2240617367  s = +2.4864e-12  |E| = 7.9e-24 (tol 2e-19)  it 2  conv True   [8s]
   A = 17.2240592592  s = +1.1701e-12  |E| = 4.9e-25 (tol 2e-19)  it 2  conv True   [8s]
   A = 17.2240570570  s = -1.2060e-18  |E| = 7.5e-29 (tol 2e-19)  it 2  conv True   [8s]
   A = 17.2240581581  s = +5.8504e-13  |E| = 1.9e-26 (tol 2e-19)  it 2  conv True   [9s]
   A = 17.2240576076  s = +2.9252e-13  |E| = 1.2e-27 (tol 2e-19)  it 2  conv True   [9s]
   A = 17.2240573323  s = +1.4626e-13  |E| = 7.5e-29 (tol 2e-19)  it 2  conv True   [10s]
   A = 17.2240571946  s = +7.3128e-14  |E| = 4.7e-30 (tol 2e-19)  it 2  conv True   [10s]
   A = 17.2240571258  s = +3.6563e-14  |E| = 2.9e-31 (tol 2e-19)  it 2  conv True   [10s]
   A = 17.2240570914  s = +1.8281e-14  |E| = 1.8e-32 (tol 2e-19)  it 2  conv True   [11s]
   A = 17.2240570742  s = +9.1400e-15  |E| = 1.1e-33 (tol 2e-19)  it 2  conv True   [11s]
   A = 17.2240570656  s = +4.5694e-15  |E| = 7.2e-35 (tol 2e-19)  it 2  conv True   [11s]
   A = 17.2240570613  s = +2.2841e-15  |E| = 4.5e-36 (tol 2e-19)  it 2  conv True   [12s]
   A = 17.2240570592  s = +1.1414e-15  |E| = 2.9e-37 (tol 2e-19)  it 2  conv True   [12s]
   A = 17.2240570581  s = +5.7012e-16  |E| = 6.3e-20 (tol 2e-19)  it 1  conv True   [13s]
   A = 17.2240570575  s = +2.8446e-16  |E| = 1.6e-20 (tol 2e-19)  it 1  conv True   [13s]
   A = 17.2240570573  s = +1.4162e-16  |E| = 3.9e-21 (tol 2e-19)  it 1  conv True   [13s]
   A = 17.2240570571  s = +7.0209e-17  |E| = 9.8e-22 (tol 2e-19)  it 1  conv True   [13s]
   A = 17.2240570571  s = +3.4502e-17  |E| = 2.4e-22 (tol 2e-19)  it 1  conv True   [13s]
RESULT K20: K = 20 -> 21 at A_t = 17.2240570570 (bracket [17.2240570570, 17.2240570571])
done [13s]
