c60: K = 5 (centre split signal), 1 interior pairs, A0 = 5.052, prec 128
   A = 5.0520000000  s = -2.6746e-04  |E| = 2.1e-22 (tol 6e-15)  it 4  conv True   [0s]
   A = 5.0550000000  s = -1.3585e-04  |E| = 6.2e-28 (tol 6e-15)  it 3  conv True   [0s]
   A = 5.0580000000  s = -3.3349e-06  |E| = 6.2e-28 (tol 6e-15)  it 3  conv True   [0s]
   A = 5.0610000000  s = +1.3009e-04  |E| = 6.1e-28 (tol 6e-15)  it 3  conv True   [0s]
   A = 5.0595000000  s = +6.3265e-05  |E| = 2.2e-15 (tol 6e-15)  it 2  conv True   [0s]
   A = 5.0587500000  s = +2.9937e-05  |E| = 1.4e-16 (tol 6e-15)  it 2  conv True   [0s]
   A = 5.0580751751  s = -2.5699e-09  |E| = 1.4e-20 (tol 6e-15)  it 2  conv True   [0s]
   A = 5.0584125875  s = +1.4961e-05  |E| = 5.7e-18 (tol 6e-15)  it 2  conv True   [0s]
   A = 5.0582438813  s = +7.4779e-06  |E| = 3.5e-19 (tol 6e-15)  it 2  conv True   [0s]
   A = 5.0581595282  s = +3.7373e-06  |E| = 2.2e-20 (tol 6e-15)  it 2  conv True   [0s]
   A = 5.0581173516  s = +1.8673e-06  |E| = 1.4e-21 (tol 6e-15)  it 2  conv True   [0s]
   A = 5.0580962633  s = +9.3234e-07  |E| = 8.6e-23 (tol 6e-15)  it 2  conv True   [0s]
   A = 5.0580857192  s = +4.6488e-07  |E| = 5.4e-24 (tol 6e-15)  it 2  conv True   [1s]
   A = 5.0580804471  s = +2.3115e-07  |E| = 3.4e-25 (tol 6e-15)  it 2  conv True   [1s]
   A = 5.0580778111  s = +1.1429e-07  |E| = 2.1e-26 (tol 6e-15)  it 2  conv True   [1s]
   A = 5.0580764931  s = +5.5860e-08  |E| = 1.3e-27 (tol 6e-15)  it 2  conv True   [1s]
   A = 5.0580758341  s = +2.6645e-08  |E| = 8.2e-29 (tol 6e-15)  it 2  conv True   [1s]
   A = 5.0580755046  s = +1.2038e-08  |E| = 3.1e-15 (tol 6e-15)  it 1  conv True   [1s]
   A = 5.0580752330  s = -7.5879e-16  |E| = 9.6e-17 (tol 6e-15)  it 1  conv True   [1s]
   A = 5.0580753688  s = +6.0188e-09  |E| = 5.3e-16 (tol 6e-15)  it 1  conv True   [1s]
   A = 5.0580753009  s = +3.0094e-09  |E| = 1.3e-16 (tol 6e-15)  it 1  conv True   [1s]
   A = 5.0580752670  s = +1.5047e-09  |E| = 3.3e-17 (tol 6e-15)  it 1  conv True   [1s]
   A = 5.0580752500  s = +7.5235e-10  |E| = 8.2e-18 (tol 6e-15)  it 1  conv True   [1s]
   A = 5.0580752415  s = +3.7617e-10  |E| = 2.1e-18 (tol 6e-15)  it 1  conv True   [1s]
   A = 5.0580752373  s = +1.8809e-10  |E| = 5.1e-19 (tol 6e-15)  it 1  conv True   [1s]
   A = 5.0580752351  s = +9.4043e-11  |E| = 1.3e-19 (tol 6e-15)  it 1  conv True   [1s]
   A = 5.0580752341  s = +4.7021e-11  |E| = 3.2e-20 (tol 6e-15)  it 1  conv True   [1s]
   A = 5.0580752336  s = +2.3510e-11  |E| = 8.0e-21 (tol 6e-15)  it 1  conv True   [1s]
   A = 5.0580752333  s = +1.1755e-11  |E| = 2.0e-21 (tol 6e-15)  it 1  conv True   [1s]
   A = 5.0580752332  s = +5.8770e-12  |E| = 5.0e-22 (tol 6e-15)  it 1  conv True   [1s]
   A = 5.0580752331  s = +2.9381e-12  |E| = 1.3e-22 (tol 6e-15)  it 1  conv True   [1s]
RESULT gate_K5: K = 5 -> 6 at A_t = 5.0580752330 (bracket [5.0580752330, 5.0580752331])
done [1s]
