c60: K = 25 (centre split signal), 11 interior pairs, A0 = 20.634233, prec 128
   A = 20.6342330000  s = -3.0883e-09  |E| = 2.3e-23 (tol 2e-20)  it 6  conv True   [1s]
   A = 20.6372330000  s = -1.5690e-09  |E| = 7.5e-23 (tol 2e-20)  it 3  conv True   [2s]
   A = 20.6402330000  s = -1.5981e-11  |E| = 7.5e-23 (tol 2e-20)  it 3  conv True   [3s]
   A = 20.6432330000  s = +1.5711e-09  |E| = 7.5e-23 (tol 2e-20)  it 3  conv True   [4s]
   A = 20.6417330000  s = +7.7326e-10  |E| = 3.0e-25 (tol 2e-20)  it 3  conv True   [4s]
   A = 20.6409830000  s = +3.7757e-10  |E| = 1.2e-27 (tol 2e-20)  it 3  conv True   [5s]
   A = 20.6406080000  s = +1.8053e-10  |E| = 4.5e-30 (tol 2e-20)  it 3  conv True   [6s]
   A = 20.6404205000  s = +8.2208e-11  |E| = 1.8e-32 (tol 2e-20)  it 3  conv True   [7s]
   A = 20.6402635178  s = -9.0619e-15  |E| = 1.1e-20 (tol 2e-20)  it 2  conv True   [7s]
   A = 20.6403420089  s = +4.1088e-11  |E| = 1.7e-35 (tol 2e-20)  it 3  conv True   [8s]
   A = 20.6403027634  s = +2.0536e-11  |E| = 5.9e-38 (tol 2e-20)  it 3  conv True   [9s]
   A = 20.6402831406  s = +1.0263e-11  |E| = 1.9e-21 (tol 2e-20)  it 2  conv True   [9s]
   A = 20.6402733292  s = +5.1268e-12  |E| = 1.2e-22 (tol 2e-20)  it 2  conv True   [10s]
   A = 20.6402684235  s = +2.5588e-12  |E| = 7.6e-24 (tol 2e-20)  it 2  conv True   [10s]
   A = 20.6402659707  s = +1.2749e-12  |E| = 4.7e-25 (tol 2e-20)  it 2  conv True   [11s]
   A = 20.6402647442  s = +6.3289e-13  |E| = 3.0e-26 (tol 2e-20)  it 2  conv True   [11s]
   A = 20.6402641310  s = +3.1192e-13  |E| = 1.9e-27 (tol 2e-20)  it 2  conv True   [12s]
   A = 20.6402638244  s = +1.5143e-13  |E| = 1.2e-28 (tol 2e-20)  it 2  conv True   [13s]
   A = 20.6402636711  s = +7.1182e-14  |E| = 7.2e-30 (tol 2e-20)  it 2  conv True   [13s]
   A = 20.6402635351  s = -4.7975e-21  |E| = 1.2e-33 (tol 2e-20)  it 2  conv True   [14s]
   A = 20.6402636031  s = +3.5591e-14  |E| = 2.8e-31 (tol 2e-20)  it 2  conv True   [14s]
   A = 20.6402635691  s = +1.7796e-14  |E| = 1.7e-32 (tol 2e-20)  it 2  conv True   [15s]
   A = 20.6402635521  s = +8.8978e-15  |E| = 1.1e-33 (tol 2e-20)  it 2  conv True   [15s]
   A = 20.6402635436  s = +4.4489e-15  |E| = 6.8e-35 (tol 2e-20)  it 2  conv True   [16s]
   A = 20.6402635394  s = +2.2244e-15  |E| = 4.3e-36 (tol 2e-20)  it 2  conv True   [16s]
   A = 20.6402635372  s = +1.1122e-15  |E| = 2.7e-37 (tol 2e-20)  it 2  conv True   [17s]
   A = 20.6402635362  s = +5.5611e-16  |E| = 2.0e-38 (tol 2e-20)  it 2  conv True   [17s]
   A = 20.6402635357  s = +2.7805e-16  |E| = 1.5e-20 (tol 2e-20)  it 1  conv True   [17s]
   A = 20.6402635354  s = +1.3902e-16  |E| = 3.8e-21 (tol 2e-20)  it 1  conv True   [18s]
   A = 20.6402635353  s = +6.9510e-17  |E| = 9.5e-22 (tol 2e-20)  it 1  conv True   [18s]
   A = 20.6402635352  s = +3.4753e-17  |E| = 2.4e-22 (tol 2e-20)  it 1  conv True   [18s]
RESULT K25: K = 25 -> 26 at A_t = 20.6402635351 (bracket [20.6402635351, 20.6402635352])
done [18s]
