c60: K = 22 (centre birth signal), 10 interior pairs, A0 = 18.607705, prec 128
   A = 18.6077050000  s = -1.2068e-09  |E| = 1.6e-20 (tol 8e-20)  it 5  conv True   [1s]
   A = 18.6107050000  s = -6.2124e-10  |E| = 7.5e-23 (tol 8e-20)  it 3  conv True   [2s]
   A = 18.6137050000  s = -2.1681e-11  |E| = 7.5e-23 (tol 8e-20)  it 3  conv True   [2s]
   A = 18.6167050000  s = +5.9202e-10  |E| = 7.5e-23 (tol 8e-20)  it 3  conv True   [3s]
   A = 18.6152050000  s = +2.8339e-10  |E| = 3.0e-25 (tol 8e-20)  it 3  conv True   [4s]
   A = 18.6144550000  s = +1.3041e-10  |E| = 1.2e-27 (tol 8e-20)  it 3  conv True   [4s]
   A = 18.6138119147  s = -5.4077e-14  |E| = 2.0e-34 (tol 8e-20)  it 3  conv True   [5s]
   A = 18.6141334573  s = +6.5097e-11  |E| = 1.3e-30 (tol 8e-20)  it 3  conv True   [5s]
   A = 18.6139726860  s = +3.2501e-11  |E| = 5.2e-33 (tol 8e-20)  it 3  conv True   [6s]
   A = 18.6138923003  s = +1.6219e-11  |E| = 2.0e-35 (tol 8e-20)  it 3  conv True   [7s]
   A = 18.6138521075  s = +8.0810e-12  |E| = 3.4e-20 (tol 8e-20)  it 2  conv True   [7s]
   A = 18.6138320111  s = +4.0131e-12  |E| = 2.1e-21 (tol 8e-20)  it 2  conv True   [8s]
   A = 18.6138219629  s = +1.9794e-12  |E| = 1.3e-22 (tol 8e-20)  it 2  conv True   [8s]
   A = 18.6138169388  s = +9.6266e-13  |E| = 8.3e-24 (tol 8e-20)  it 2  conv True   [9s]
   A = 18.6138144267  s = +4.5429e-13  |E| = 5.2e-25 (tol 8e-20)  it 2  conv True   [9s]
   A = 18.6138121819  s = -4.7115e-19  |E| = 6.7e-29 (tol 8e-20)  it 2  conv True   [9s]
   A = 18.6138133043  s = +2.2714e-13  |E| = 2.1e-26 (tol 8e-20)  it 2  conv True   [10s]
   A = 18.6138127431  s = +1.1357e-13  |E| = 1.3e-27 (tol 8e-20)  it 2  conv True   [10s]
   A = 18.6138124625  s = +5.6785e-14  |E| = 8.1e-29 (tol 8e-20)  it 2  conv True   [11s]
   A = 18.6138123222  s = +2.8392e-14  |E| = 5.1e-30 (tol 8e-20)  it 2  conv True   [11s]
   A = 18.6138122520  s = +1.4196e-14  |E| = 3.2e-31 (tol 8e-20)  it 2  conv True   [12s]
   A = 18.6138122170  s = +7.0977e-15  |E| = 2.0e-32 (tol 8e-20)  it 2  conv True   [12s]
   A = 18.6138121994  s = +3.5486e-15  |E| = 1.2e-33 (tol 8e-20)  it 2  conv True   [13s]
   A = 18.6138121907  s = +1.7741e-15  |E| = 7.7e-35 (tol 8e-20)  it 2  conv True   [13s]
   A = 18.6138121863  s = +8.8680e-16  |E| = 4.8e-36 (tol 8e-20)  it 2  conv True   [14s]
   A = 18.6138121841  s = +4.4317e-16  |E| = 3.0e-37 (tol 8e-20)  it 2  conv True   [14s]
   A = 18.6138121830  s = +2.2135e-16  |E| = 6.5e-20 (tol 8e-20)  it 1  conv True   [14s]
   A = 18.6138121824  s = +1.1044e-16  |E| = 1.6e-20 (tol 8e-20)  it 1  conv True   [15s]
   A = 18.6138121822  s = +5.4983e-17  |E| = 4.1e-21 (tol 8e-20)  it 1  conv True   [15s]
   A = 18.6138121820  s = +2.7255e-17  |E| = 1.0e-21 (tol 8e-20)  it 1  conv True   [15s]
   A = 18.6138121820  s = +1.3393e-17  |E| = 2.5e-22 (tol 8e-20)  it 1  conv True   [15s]
RESULT K22: K = 22 -> 23 at A_t = 18.6138121819 (bracket [18.6138121819, 18.6138121820])
done [15s]
