c60: K = 21 (centre split signal), 9 interior pairs, A0 = 17.917039, prec 128
   A = 17.9170390000  s = -1.7906e-08  |E| = 1.2e-28 (tol 1e-19)  it 6  conv True   [1s]
   A = 17.9200390000  s = -9.1613e-09  |E| = 7.5e-23 (tol 1e-19)  it 3  conv True   [2s]
   A = 17.9230390000  s = -2.3782e-10  |E| = 7.5e-23 (tol 1e-19)  it 3  conv True   [2s]
   A = 17.9260390000  s = +8.8660e-09  |E| = 7.5e-23 (tol 1e-19)  it 3  conv True   [3s]
   A = 17.9245390000  s = +4.2914e-09  |E| = 3.0e-25 (tol 1e-19)  it 3  conv True   [3s]
   A = 17.9237890000  s = +2.0212e-09  |E| = 1.2e-27 (tol 1e-19)  it 3  conv True   [4s]
   A = 17.9231179575  s = -5.3135e-13  |E| = 1.7e-35 (tol 1e-19)  it 3  conv True   [5s]
   A = 17.9234534788  s = +1.0092e-09  |E| = 1.9e-30 (tol 1e-19)  it 3  conv True   [5s]
   A = 17.9232857181  s = +5.0404e-10  |E| = 7.2e-33 (tol 1e-19)  it 3  conv True   [6s]
   A = 17.9232018378  s = +2.5169e-10  |E| = 2.8e-35 (tol 1e-19)  it 3  conv True   [6s]
   A = 17.9231598977  s = +1.2556e-10  |E| = 4.0e-20 (tol 1e-19)  it 2  conv True   [7s]
   A = 17.9231389276  s = +6.2510e-11  |E| = 2.5e-21 (tol 1e-19)  it 2  conv True   [7s]
   A = 17.9231284426  s = +3.0988e-11  |E| = 1.6e-22 (tol 1e-19)  it 2  conv True   [8s]
   A = 17.9231232000  s = +1.5228e-11  |E| = 9.9e-24 (tol 1e-19)  it 2  conv True   [8s]
   A = 17.9231205788  s = +7.3483e-12  |E| = 6.2e-25 (tol 1e-19)  it 2  conv True   [8s]
   A = 17.9231192681  s = +3.4085e-12  |E| = 3.9e-26 (tol 1e-19)  it 2  conv True   [9s]
   A = 17.9231181343  s = -2.0033e-18  |E| = 1.3e-29 (tol 1e-19)  it 2  conv True   [9s]
   A = 17.9231187012  s = +1.7042e-12  |E| = 1.4e-27 (tol 1e-19)  it 2  conv True   [10s]
   A = 17.9231184177  s = +8.5211e-13  |E| = 8.4e-29 (tol 1e-19)  it 2  conv True   [10s]
   A = 17.9231182760  s = +4.2606e-13  |E| = 5.3e-30 (tol 1e-19)  it 2  conv True   [10s]
   A = 17.9231182051  s = +2.1303e-13  |E| = 3.3e-31 (tol 1e-19)  it 2  conv True   [11s]
   A = 17.9231181697  s = +1.0651e-13  |E| = 2.1e-32 (tol 1e-19)  it 2  conv True   [11s]
   A = 17.9231181520  s = +5.3255e-14  |E| = 1.3e-33 (tol 1e-19)  it 2  conv True   [12s]
   A = 17.9231181431  s = +2.6627e-14  |E| = 8.1e-35 (tol 1e-19)  it 2  conv True   [12s]
   A = 17.9231181387  s = +1.3312e-14  |E| = 5.0e-36 (tol 1e-19)  it 2  conv True   [12s]
   A = 17.9231181365  s = +6.6551e-15  |E| = 3.1e-37 (tol 1e-19)  it 2  conv True   [13s]
   A = 17.9231181354  s = +3.3266e-15  |E| = 6.6e-20 (tol 1e-19)  it 1  conv True   [13s]
   A = 17.9231181348  s = +1.6623e-15  |E| = 1.7e-20 (tol 1e-19)  it 1  conv True   [13s]
   A = 17.9231181346  s = +8.3014e-16  |E| = 4.1e-21 (tol 1e-19)  it 1  conv True   [14s]
   A = 17.9231181344  s = +4.1407e-16  |E| = 1.0e-21 (tol 1e-19)  it 1  conv True   [14s]
   A = 17.9231181343  s = +2.0604e-16  |E| = 2.6e-22 (tol 1e-19)  it 1  conv True   [14s]
RESULT K21: K = 21 -> 22 at A_t = 17.9231181343 (bracket [17.9231181343, 17.9231181343])
done [14s]
