c60: K = 4 (centre birth signal), 1 interior pairs, A0 = 4.015, prec 128
   A = 4.0150000000  s = -2.1301e-04  |E| = 2.0e-26 (tol 2e-14)  it 4  conv True   [0s]
   A = 4.0180000000  s = -1.1172e-04  |E| = 2.7e-27 (tol 2e-14)  it 3  conv True   [0s]
   A = 4.0210000000  s = -9.4376e-06  |E| = 2.6e-27 (tol 2e-14)  it 3  conv True   [0s]
   A = 4.0240000000  s = +9.3855e-05  |E| = 2.5e-27 (tol 2e-14)  it 3  conv True   [0s]
   A = 4.0225000000  s = +4.2083e-05  |E| = 3.7e-15 (tol 2e-14)  it 2  conv True   [0s]
   A = 4.0212747728  s = -1.8841e-08  |E| = 4.2e-18 (tol 2e-14)  it 2  conv True   [0s]
   A = 4.0218873864  s = +2.1011e-05  |E| = 1.0e-16 (tol 2e-14)  it 2  conv True   [0s]
   A = 4.0215810796  s = +1.0491e-05  |E| = 6.4e-18 (tol 2e-14)  it 2  conv True   [0s]
   A = 4.0214279262  s = +5.2347e-06  |E| = 4.0e-19 (tol 2e-14)  it 2  conv True   [0s]
   A = 4.0213513495  s = +2.6076e-06  |E| = 2.5e-20 (tol 2e-14)  it 2  conv True   [0s]
   A = 4.0213130612  s = +1.2943e-06  |E| = 1.6e-21 (tol 2e-14)  it 2  conv True   [0s]
   A = 4.0212939170  s = +6.3771e-07  |E| = 9.8e-23 (tol 2e-14)  it 2  conv True   [0s]
   A = 4.0212843449  s = +3.0943e-07  |E| = 6.1e-24 (tol 2e-14)  it 2  conv True   [0s]
   A = 4.0212795589  s = +1.4529e-07  |E| = 3.8e-25 (tol 2e-14)  it 2  conv True   [0s]
   A = 4.0212753222  s = -1.1880e-13  |E| = 9.7e-15 (tol 2e-14)  it 1  conv True   [0s]
   A = 4.0212774405  s = +7.2646e-08  |E| = 1.5e-26 (tol 2e-14)  it 2  conv True   [1s]
   A = 4.0212763814  s = +3.6323e-08  |E| = 9.2e-28 (tol 2e-14)  it 2  conv True   [1s]
   A = 4.0212758518  s = +1.8161e-08  |E| = 9.0e-15 (tol 2e-14)  it 1  conv True   [1s]
   A = 4.0212755870  s = +9.0806e-09  |E| = 2.3e-15 (tol 2e-14)  it 1  conv True   [1s]
   A = 4.0212754546  s = +4.5402e-09  |E| = 5.6e-16 (tol 2e-14)  it 1  conv True   [1s]
   A = 4.0212753884  s = +2.2701e-09  |E| = 1.4e-16 (tol 2e-14)  it 1  conv True   [1s]
   A = 4.0212753553  s = +1.1350e-09  |E| = 3.5e-17 (tol 2e-14)  it 1  conv True   [1s]
   A = 4.0212753388  s = +5.6741e-10  |E| = 8.8e-18 (tol 2e-14)  it 1  conv True   [1s]
   A = 4.0212753305  s = +2.8364e-10  |E| = 2.2e-18 (tol 2e-14)  it 1  conv True   [1s]
   A = 4.0212753263  s = +1.4176e-10  |E| = 5.5e-19 (tol 2e-14)  it 1  conv True   [1s]
   A = 4.0212753243  s = +7.0813e-11  |E| = 1.4e-19 (tol 2e-14)  it 1  conv True   [1s]
   A = 4.0212753232  s = +3.5341e-11  |E| = 3.4e-20 (tol 2e-14)  it 1  conv True   [1s]
   A = 4.0212753227  s = +1.7606e-11  |E| = 8.6e-21 (tol 2e-14)  it 1  conv True   [1s]
   A = 4.0212753225  s = +8.7377e-12  |E| = 2.1e-21 (tol 2e-14)  it 1  conv True   [1s]
   A = 4.0212753223  s = +4.3037e-12  |E| = 5.4e-22 (tol 2e-14)  it 1  conv True   [1s]
   A = 4.0212753223  s = +2.0867e-12  |E| = 1.3e-22 (tol 2e-14)  it 1  conv True   [1s]
RESULT gate_K4: K = 4 -> 5 at A_t = 4.0212753222 (bracket [4.0212753222, 4.0212753223])
done [1s]
