c60: K = 17 (centre split signal), 7 interior pairs, A0 = 15.064896, prec 128
   A = 15.0648960000  s = -1.2167e-07  |E| = 2.1e-20 (tol 1e-18)  it 5  conv True   [0s]
   A = 15.0678960000  s = -6.2223e-08  |E| = 7.4e-23 (tol 1e-18)  it 3  conv True   [1s]
   A = 15.0708960000  s = -1.6831e-09  |E| = 7.4e-23 (tol 1e-18)  it 3  conv True   [1s]
   A = 15.0738960000  s = +5.9957e-08  |E| = 7.4e-23 (tol 1e-18)  it 3  conv True   [2s]
   A = 15.0723960000  s = +2.8999e-08  |E| = 2.9e-25 (tol 1e-18)  it 3  conv True   [2s]
   A = 15.0716460000  s = +1.3623e-08  |E| = 1.1e-27 (tol 1e-18)  it 3  conv True   [2s]
   A = 15.0709784707  s = -3.3680e-12  |E| = 6.0e-19 (tol 1e-18)  it 2  conv True   [3s]
   A = 15.0713122354  s = +6.8032e-09  |E| = 1.8e-30 (tol 1e-18)  it 3  conv True   [3s]
   A = 15.0711453530  s = +3.3982e-09  |E| = 6.9e-33 (tol 1e-18)  it 3  conv True   [3s]
   A = 15.0710619119  s = +1.6970e-09  |E| = 6.3e-19 (tol 1e-18)  it 2  conv True   [4s]
   A = 15.0710201913  s = +8.4670e-10  |E| = 3.9e-20 (tol 1e-18)  it 2  conv True   [4s]
   A = 15.0709993310  s = +4.2164e-10  |E| = 2.5e-21 (tol 1e-18)  it 2  conv True   [4s]
   A = 15.0709889008  s = +2.0913e-10  |E| = 1.5e-22 (tol 1e-18)  it 2  conv True   [5s]
   A = 15.0709836858  s = +1.0288e-10  |E| = 9.6e-24 (tol 1e-18)  it 2  conv True   [5s]
   A = 15.0709810782  s = +4.9755e-11  |E| = 6.0e-25 (tol 1e-18)  it 2  conv True   [5s]
   A = 15.0709797745  s = +2.3194e-11  |E| = 3.8e-26 (tol 1e-18)  it 2  conv True   [5s]
   A = 15.0709786360  s = -1.1488e-17  |E| = 9.7e-30 (tol 1e-18)  it 2  conv True   [6s]
   A = 15.0709792052  s = +1.1597e-11  |E| = 1.4e-27 (tol 1e-18)  it 2  conv True   [6s]
   A = 15.0709789206  s = +5.7984e-12  |E| = 8.5e-29 (tol 1e-18)  it 2  conv True   [6s]
   A = 15.0709787783  s = +2.8992e-12  |E| = 5.3e-30 (tol 1e-18)  it 2  conv True   [6s]
   A = 15.0709787072  s = +1.4496e-12  |E| = 3.3e-31 (tol 1e-18)  it 2  conv True   [7s]
   A = 15.0709786716  s = +7.2479e-13  |E| = 2.1e-32 (tol 1e-18)  it 2  conv True   [7s]
   A = 15.0709786538  s = +3.6239e-13  |E| = 1.3e-33 (tol 1e-18)  it 2  conv True   [7s]
   A = 15.0709786449  s = +1.8119e-13  |E| = 8.1e-35 (tol 1e-18)  it 2  conv True   [8s]
   A = 15.0709786405  s = +9.0588e-14  |E| = 5.1e-36 (tol 1e-18)  it 2  conv True   [8s]
   A = 15.0709786382  s = +4.5288e-14  |E| = 2.7e-19 (tol 1e-18)  it 1  conv True   [8s]
   A = 15.0709786371  s = +2.2638e-14  |E| = 6.7e-20 (tol 1e-18)  it 1  conv True   [8s]
   A = 15.0709786366  s = +1.1313e-14  |E| = 1.7e-20 (tol 1e-18)  it 1  conv True   [8s]
   A = 15.0709786363  s = +5.6510e-15  |E| = 4.2e-21 (tol 1e-18)  it 1  conv True   [9s]
   A = 15.0709786362  s = +2.8197e-15  |E| = 1.0e-21 (tol 1e-18)  it 1  conv True   [9s]
   A = 15.0709786361  s = +1.4041e-15  |E| = 2.6e-22 (tol 1e-18)  it 1  conv True   [9s]
RESULT K17: K = 17 -> 18 at A_t = 15.0709786360 (bracket [15.0709786360, 15.0709786361])
done [9s]
