c60: K = 19 (centre split signal), 8 interior pairs, A0 = 16.509997, prec 128
   A = 16.5099970000  s = -4.5693e-08  |E| = 2.7e-19 (tol 4e-19)  it 5  conv True   [1s]
   A = 16.5129970000  s = -2.3431e-08  |E| = 7.5e-23 (tol 4e-19)  it 3  conv True   [1s]
   A = 16.5159970000  s = -7.3636e-10  |E| = 7.5e-23 (tol 4e-19)  it 3  conv True   [2s]
   A = 16.5189970000  s = +2.2395e-08  |E| = 7.5e-23 (tol 4e-19)  it 3  conv True   [2s]
   A = 16.5174970000  s = +1.0774e-08  |E| = 2.9e-25 (tol 4e-19)  it 3  conv True   [3s]
   A = 16.5167470000  s = +5.0054e-09  |E| = 1.2e-27 (tol 4e-19)  it 3  conv True   [3s]
   A = 16.5160931845  s = -1.5271e-12  |E| = 8.4e-35 (tol 4e-19)  it 3  conv True   [4s]
   A = 16.5164200923  s = +2.4993e-09  |E| = 1.5e-30 (tol 4e-19)  it 3  conv True   [4s]
   A = 16.5162566384  s = +1.2483e-09  |E| = 5.9e-33 (tol 4e-19)  it 3  conv True   [5s]
   A = 16.5161749115  s = +6.2320e-10  |E| = 2.3e-35 (tol 4e-19)  it 3  conv True   [5s]
   A = 16.5161340480  s = +3.1080e-10  |E| = 3.6e-20 (tol 4e-19)  it 2  conv True   [6s]
   A = 16.5161136163  s = +1.5462e-10  |E| = 2.3e-21 (tol 4e-19)  it 2  conv True   [6s]
   A = 16.5161034004  s = +7.6546e-11  |E| = 1.4e-22 (tol 4e-19)  it 2  conv True   [6s]
   A = 16.5160982925  s = +3.7509e-11  |E| = 8.9e-24 (tol 4e-19)  it 2  conv True   [7s]
   A = 16.5160957385  s = +1.7991e-11  |E| = 5.6e-25 (tol 4e-19)  it 2  conv True   [7s]
   A = 16.5160944615  s = +8.2318e-12  |E| = 3.5e-26 (tol 4e-19)  it 2  conv True   [7s]
   A = 16.5160933843  s = -5.2119e-18  |E| = 2.1e-29 (tol 4e-19)  it 2  conv True   [8s]
   A = 16.5160939229  s = +4.1159e-12  |E| = 1.1e-27 (tol 4e-19)  it 2  conv True   [8s]
   A = 16.5160936536  s = +2.0579e-12  |E| = 6.9e-29 (tol 4e-19)  it 2  conv True   [8s]
   A = 16.5160935190  s = +1.0290e-12  |E| = 4.3e-30 (tol 4e-19)  it 2  conv True   [9s]
   A = 16.5160934517  s = +5.1448e-13  |E| = 2.7e-31 (tol 4e-19)  it 2  conv True   [9s]
   A = 16.5160934180  s = +2.5724e-13  |E| = 1.7e-32 (tol 4e-19)  it 2  conv True   [9s]
   A = 16.5160934012  s = +1.2862e-13  |E| = 1.0e-33 (tol 4e-19)  it 2  conv True   [10s]
   A = 16.5160933928  s = +6.4306e-14  |E| = 6.5e-35 (tol 4e-19)  it 2  conv True   [10s]
   A = 16.5160933885  s = +3.2150e-14  |E| = 4.1e-36 (tol 4e-19)  it 2  conv True   [10s]
   A = 16.5160933864  s = +1.6073e-14  |E| = 2.4e-19 (tol 4e-19)  it 1  conv True   [10s]
   A = 16.5160933854  s = +8.0336e-15  |E| = 6.0e-20 (tol 4e-19)  it 1  conv True   [11s]
   A = 16.5160933849  s = +4.0142e-15  |E| = 1.5e-20 (tol 4e-19)  it 1  conv True   [11s]
   A = 16.5160933846  s = +2.0045e-15  |E| = 3.7e-21 (tol 4e-19)  it 1  conv True   [11s]
   A = 16.5160933845  s = +9.9965e-16  |E| = 9.3e-22 (tol 4e-19)  it 1  conv True   [11s]
   A = 16.5160933844  s = +4.9720e-16  |E| = 2.3e-22 (tol 4e-19)  it 1  conv True   [12s]
RESULT K19: K = 19 -> 20 at A_t = 16.5160933843 (bracket [16.5160933843, 16.5160933844])
done [12s]
