c60: K = 23 (centre split signal), 10 interior pairs, A0 = 19.290562, prec 128
   A = 19.2905620000  s = -7.3066e-09  |E| = 3.8e-21 (tol 5e-20)  it 6  conv True   [1s]
   A = 19.2935620000  s = -3.7268e-09  |E| = 7.5e-23 (tol 5e-20)  it 3  conv True   [2s]
   A = 19.2965620000  s = -7.0723e-11  |E| = 7.5e-23 (tol 5e-20)  it 3  conv True   [3s]
   A = 19.2995620000  s = +3.6625e-09  |E| = 7.5e-23 (tol 5e-20)  it 3  conv True   [3s]
   A = 19.2980620000  s = +1.7862e-09  |E| = 3.0e-25 (tol 5e-20)  it 3  conv True   [4s]
   A = 19.2973120000  s = +8.5532e-10  |E| = 1.2e-27 (tol 5e-20)  it 3  conv True   [5s]
   A = 19.2969370000  s = +3.9170e-10  |E| = 4.5e-30 (tol 5e-20)  it 3  conv True   [5s]
   A = 19.2966193526  s = -7.8108e-14  |E| = 1.3e-36 (tol 5e-20)  it 3  conv True   [6s]
   A = 19.2967781763  s = +1.9570e-10  |E| = 4.7e-33 (tol 5e-20)  it 3  conv True   [7s]
   A = 19.2966987645  s = +9.7785e-11  |E| = 1.8e-35 (tol 5e-20)  it 3  conv True   [7s]
   A = 19.2966590585  s = +4.8846e-11  |E| = 3.3e-20 (tol 5e-20)  it 2  conv True   [8s]
   A = 19.2966392056  s = +2.4382e-11  |E| = 2.0e-21 (tol 5e-20)  it 2  conv True   [8s]
   A = 19.2966292791  s = +1.2152e-11  |E| = 1.3e-22 (tol 5e-20)  it 2  conv True   [9s]
   A = 19.2966243158  s = +6.0367e-12  |E| = 7.9e-24 (tol 5e-20)  it 2  conv True   [9s]
   A = 19.2966218342  s = +2.9793e-12  |E| = 5.0e-25 (tol 5e-20)  it 2  conv True   [10s]
   A = 19.2966205934  s = +1.4506e-12  |E| = 3.1e-26 (tol 5e-20)  it 2  conv True   [10s]
   A = 19.2966199730  s = +6.8623e-13  |E| = 1.9e-27 (tol 5e-20)  it 2  conv True   [10s]
   A = 19.2966194160  s = -1.5023e-19  |E| = 2.1e-31 (tol 5e-20)  it 2  conv True   [11s]
   A = 19.2966196945  s = +3.4312e-13  |E| = 7.9e-29 (tol 5e-20)  it 2  conv True   [11s]
   A = 19.2966195553  s = +1.7156e-13  |E| = 4.9e-30 (tol 5e-20)  it 2  conv True   [12s]
   A = 19.2966194856  s = +8.5779e-14  |E| = 3.1e-31 (tol 5e-20)  it 2  conv True   [12s]
   A = 19.2966194508  s = +4.2889e-14  |E| = 1.9e-32 (tol 5e-20)  it 2  conv True   [13s]
   A = 19.2966194334  s = +2.1445e-14  |E| = 1.2e-33 (tol 5e-20)  it 2  conv True   [13s]
   A = 19.2966194247  s = +1.0722e-14  |E| = 7.5e-35 (tol 5e-20)  it 2  conv True   [14s]
   A = 19.2966194204  s = +5.3610e-15  |E| = 4.7e-36 (tol 5e-20)  it 2  conv True   [14s]
   A = 19.2966194182  s = +2.6804e-15  |E| = 3.0e-37 (tol 5e-20)  it 2  conv True   [15s]
   A = 19.2966194171  s = +1.3401e-15  |E| = 2.5e-38 (tol 5e-20)  it 2  conv True   [15s]
   A = 19.2966194165  s = +6.7000e-16  |E| = 1.6e-20 (tol 5e-20)  it 1  conv True   [15s]
   A = 19.2966194163  s = +3.3492e-16  |E| = 4.0e-21 (tol 5e-20)  it 1  conv True   [16s]
   A = 19.2966194161  s = +1.6739e-16  |E| = 1.0e-21 (tol 5e-20)  it 1  conv True   [16s]
   A = 19.2966194161  s = +8.3616e-17  |E| = 2.5e-22 (tol 5e-20)  it 1  conv True   [16s]
RESULT K23: K = 23 -> 24 at A_t = 19.2966194160 (bracket [19.2966194160, 19.2966194161])
done [16s]
