c60: K = 15 (centre split signal), 6 interior pairs, A0 = 13.575854, prec 128
   A = 13.5758540000  s = -3.4402e-07  |E| = 6.4e-21 (tol 3e-18)  it 5  conv True   [1s]
   A = 13.5788540000  s = -1.7615e-07  |E| = 7.2e-23 (tol 3e-18)  it 3  conv True   [1s]
   A = 13.5818540000  s = -5.4151e-09  |E| = 7.2e-23 (tol 3e-18)  it 3  conv True   [1s]
   A = 13.5848540000  s = +1.6822e-07  |E| = 7.2e-23 (tol 3e-18)  it 3  conv True   [2s]
   A = 13.5833540000  s = +8.1040e-08  |E| = 2.8e-25 (tol 3e-18)  it 3  conv True   [2s]
   A = 13.5826040000  s = +3.7722e-08  |E| = 1.1e-27 (tol 3e-18)  it 3  conv True   [2s]
   A = 13.5819481492  s = -9.9569e-12  |E| = 1.0e-18 (tol 3e-18)  it 2  conv True   [2s]
   A = 13.5822760746  s = +1.8839e-08  |E| = 1.5e-30 (tol 3e-18)  it 3  conv True   [3s]
   A = 13.5821121119  s = +9.4100e-09  |E| = 5.8e-33 (tol 3e-18)  it 3  conv True   [3s]
   A = 13.5820301306  s = +4.6989e-09  |E| = 5.8e-19 (tol 3e-18)  it 2  conv True   [3s]
   A = 13.5819891399  s = +2.3442e-09  |E| = 3.6e-20 (tol 3e-18)  it 2  conv True   [4s]
   A = 13.5819686446  s = +1.1671e-09  |E| = 2.3e-21 (tol 3e-18)  it 2  conv True   [4s]
   A = 13.5819583969  s = +5.7854e-10  |E| = 1.4e-22 (tol 3e-18)  it 2  conv True   [4s]
   A = 13.5819532731  s = +2.8429e-10  |E| = 8.9e-24 (tol 3e-18)  it 2  conv True   [4s]
   A = 13.5819507111  s = +1.3716e-10  |E| = 5.5e-25 (tol 3e-18)  it 2  conv True   [4s]
   A = 13.5819494302  s = +6.3603e-11  |E| = 3.5e-26 (tol 3e-18)  it 2  conv True   [5s]
   A = 13.5819483226  s = -3.0931e-17  |E| = 1.2e-29 (tol 3e-18)  it 2  conv True   [5s]
   A = 13.5819488764  s = +3.1801e-11  |E| = 1.2e-27 (tol 3e-18)  it 2  conv True   [5s]
   A = 13.5819485995  s = +1.5901e-11  |E| = 7.5e-29 (tol 3e-18)  it 2  conv True   [5s]
   A = 13.5819484611  s = +7.9503e-12  |E| = 4.7e-30 (tol 3e-18)  it 2  conv True   [6s]
   A = 13.5819483918  s = +3.9751e-12  |E| = 2.9e-31 (tol 3e-18)  it 2  conv True   [6s]
   A = 13.5819483572  s = +1.9876e-12  |E| = 1.8e-32 (tol 3e-18)  it 2  conv True   [6s]
   A = 13.5819483399  s = +9.9376e-13  |E| = 1.2e-33 (tol 3e-18)  it 2  conv True   [6s]
   A = 13.5819483313  s = +4.9687e-13  |E| = 7.2e-35 (tol 3e-18)  it 2  conv True   [7s]
   A = 13.5819483269  s = +2.4842e-13  |E| = 1.0e-18 (tol 3e-18)  it 1  conv True   [7s]
   A = 13.5819483248  s = +1.2419e-13  |E| = 2.5e-19 (tol 3e-18)  it 1  conv True   [7s]
   A = 13.5819483237  s = +6.2081e-14  |E| = 6.3e-20 (tol 3e-18)  it 1  conv True   [7s]
   A = 13.5819483232  s = +3.1025e-14  |E| = 1.6e-20 (tol 3e-18)  it 1  conv True   [7s]
   A = 13.5819483229  s = +1.5497e-14  |E| = 3.9e-21 (tol 3e-18)  it 1  conv True   [7s]
   A = 13.5819483227  s = +7.7330e-15  |E| = 9.9e-22 (tol 3e-18)  it 1  conv True   [7s]
   A = 13.5819483227  s = +3.8510e-15  |E| = 2.5e-22 (tol 3e-18)  it 1  conv True   [8s]
RESULT K15: K = 15 -> 16 at A_t = 13.5819483226 (bracket [13.5819483226, 13.5819483227])
done [8s]
