c60: K = 24 (centre birth signal), 11 interior pairs, A0 = 19.965852, prec 128
   A = 19.9658520000  s = -4.8069e-10  |E| = 2.2e-23 (tol 3e-20)  it 6  conv True   [1s]
   A = 19.9688520000  s = -2.4806e-10  |E| = 7.5e-23 (tol 3e-20)  it 3  conv True   [2s]
   A = 19.9718520000  s = -9.7031e-12  |E| = 7.5e-23 (tol 3e-20)  it 3  conv True   [3s]
   A = 19.9748520000  s = +2.3447e-10  |E| = 7.5e-23 (tol 3e-20)  it 3  conv True   [3s]
   A = 19.9733520000  s = +1.1165e-10  |E| = 3.0e-25 (tol 3e-20)  it 3  conv True   [4s]
   A = 19.9726020000  s = +5.0792e-11  |E| = 1.2e-27 (tol 3e-20)  it 3  conv True   [5s]
   A = 19.9719722967  s = -2.4481e-14  |E| = 5.1e-34 (tol 3e-20)  it 3  conv True   [6s]
   A = 19.9722871484  s = +2.5352e-11  |E| = 1.1e-30 (tol 3e-20)  it 3  conv True   [6s]
   A = 19.9721297225  s = +1.2656e-11  |E| = 4.4e-33 (tol 3e-20)  it 3  conv True   [7s]
   A = 19.9720510096  s = +6.3136e-12  |E| = 1.7e-35 (tol 3e-20)  it 3  conv True   [8s]
   A = 19.9720116532  s = +3.1440e-12  |E| = 3.1e-20 (tol 3e-20)  it 2  conv True   [8s]
   A = 19.9719919749  s = +1.5597e-12  |E| = 2.0e-21 (tol 3e-20)  it 2  conv True   [9s]
   A = 19.9719821358  s = +7.6755e-13  |E| = 1.2e-22 (tol 3e-20)  it 2  conv True   [10s]
   A = 19.9719772163  s = +3.7153e-13  |E| = 7.7e-24 (tol 3e-20)  it 2  conv True   [10s]
   A = 19.9719747565  s = +1.7352e-13  |E| = 4.8e-25 (tol 3e-20)  it 2  conv True   [11s]
   A = 19.9719726008  s = -2.1160e-19  |E| = 1.1e-28 (tol 3e-20)  it 2  conv True   [11s]
   A = 19.9719736787  s = +8.6761e-14  |E| = 1.8e-26 (tol 3e-20)  it 2  conv True   [12s]
   A = 19.9719731397  s = +4.3380e-14  |E| = 1.1e-27 (tol 3e-20)  it 2  conv True   [12s]
   A = 19.9719728703  s = +2.1690e-14  |E| = 6.9e-29 (tol 3e-20)  it 2  conv True   [13s]
   A = 19.9719727356  s = +1.0845e-14  |E| = 4.3e-30 (tol 3e-20)  it 2  conv True   [13s]
   A = 19.9719726682  s = +5.4223e-15  |E| = 2.7e-31 (tol 3e-20)  it 2  conv True   [14s]
   A = 19.9719726345  s = +2.7111e-15  |E| = 1.7e-32 (tol 3e-20)  it 2  conv True   [14s]
   A = 19.9719726177  s = +1.3554e-15  |E| = 1.1e-33 (tol 3e-20)  it 2  conv True   [15s]
   A = 19.9719726092  s = +6.7760e-16  |E| = 6.6e-35 (tol 3e-20)  it 2  conv True   [15s]
   A = 19.9719726050  s = +3.3870e-16  |E| = 4.1e-36 (tol 3e-20)  it 2  conv True   [16s]
   A = 19.9719726029  s = +1.6924e-16  |E| = 2.5e-37 (tol 3e-20)  it 2  conv True   [16s]
   A = 19.9719726019  s = +8.4515e-17  |E| = 2.3e-38 (tol 3e-20)  it 2  conv True   [17s]
   A = 19.9719726014  s = +4.2152e-17  |E| = 1.5e-20 (tol 3e-20)  it 1  conv True   [17s]
   A = 19.9719726011  s = +2.0970e-17  |E| = 3.7e-21 (tol 3e-20)  it 1  conv True   [17s]
   A = 19.9719726010  s = +1.0379e-17  |E| = 9.4e-22 (tol 3e-20)  it 1  conv True   [17s]
   A = 19.9719726009  s = +5.0839e-18  |E| = 2.3e-22 (tol 3e-20)  it 1  conv True   [18s]
RESULT K24: K = 24 -> 25 at A_t = 19.9719726008 (bracket [19.9719726008, 19.9719726009])
done [18s]
