c60: K = 16 (centre birth signal), 7 interior pairs, A0 = 14.326268, prec 128
   A = 14.3262680000  s = -2.5702e-08  |E| = 5.3e-24 (tol 2e-18)  it 5  conv True   [1s]
   A = 14.3292680000  s = -1.3222e-08  |E| = 7.4e-23 (tol 2e-18)  it 3  conv True   [1s]
   A = 14.3322680000  s = -4.7991e-10  |E| = 7.4e-23 (tol 2e-18)  it 3  conv True   [1s]
   A = 14.3352680000  s = +1.2527e-08  |E| = 7.4e-23 (tol 2e-18)  it 3  conv True   [2s]
   A = 14.3337680000  s = +5.9904e-09  |E| = 2.9e-25 (tol 2e-18)  it 3  conv True   [2s]
   A = 14.3330180000  s = +2.7469e-09  |E| = 1.1e-27 (tol 2e-18)  it 3  conv True   [2s]
   A = 14.3323795437  s = -1.0486e-12  |E| = 2.7e-34 (tol 2e-18)  it 3  conv True   [3s]
   A = 14.3326987718  s = +1.3714e-09  |E| = 1.2e-30 (tol 2e-18)  it 3  conv True   [3s]
   A = 14.3325391578  s = +6.8482e-10  |E| = 4.8e-33 (tol 2e-18)  it 3  conv True   [4s]
   A = 14.3324593507  s = +3.4179e-10  |E| = 5.2e-19 (tol 2e-18)  it 2  conv True   [4s]
   A = 14.3324194472  s = +1.7035e-10  |E| = 3.3e-20 (tol 2e-18)  it 2  conv True   [4s]
   A = 14.3323994954  s = +8.4644e-11  |E| = 2.0e-21 (tol 2e-18)  it 2  conv True   [4s]
   A = 14.3323895196  s = +4.1796e-11  |E| = 1.3e-22 (tol 2e-18)  it 2  conv True   [5s]
   A = 14.3323845316  s = +2.0373e-11  |E| = 8.0e-24 (tol 2e-18)  it 2  conv True   [5s]
   A = 14.3323820377  s = +9.6624e-12  |E| = 5.0e-25 (tol 2e-18)  it 2  conv True   [5s]
   A = 14.3323807907  s = +4.3069e-12  |E| = 3.1e-26 (tol 2e-18)  it 2  conv True   [6s]
   A = 14.3323797878  s = -3.6004e-18  |E| = 4.6e-29 (tol 2e-18)  it 2  conv True   [6s]
   A = 14.3323802893  s = +2.1534e-12  |E| = 8.2e-28 (tol 2e-18)  it 2  conv True   [6s]
   A = 14.3323800385  s = +1.0767e-12  |E| = 5.1e-29 (tol 2e-18)  it 2  conv True   [6s]
   A = 14.3323799132  s = +5.3836e-13  |E| = 3.2e-30 (tol 2e-18)  it 2  conv True   [7s]
   A = 14.3323798505  s = +2.6918e-13  |E| = 2.0e-31 (tol 2e-18)  it 2  conv True   [7s]
   A = 14.3323798192  s = +1.3459e-13  |E| = 1.2e-32 (tol 2e-18)  it 2  conv True   [7s]
   A = 14.3323798035  s = +6.7291e-14  |E| = 7.8e-34 (tol 2e-18)  it 2  conv True   [7s]
   A = 14.3323797957  s = +3.3644e-14  |E| = 4.9e-35 (tol 2e-18)  it 2  conv True   [8s]
   A = 14.3323797918  s = +1.6820e-14  |E| = 8.3e-19 (tol 2e-18)  it 1  conv True   [8s]
   A = 14.3323797898  s = +8.4083e-15  |E| = 2.1e-19 (tol 2e-18)  it 1  conv True   [8s]
   A = 14.3323797888  s = +4.2023e-15  |E| = 5.2e-20 (tol 2e-18)  it 1  conv True   [8s]
   A = 14.3323797883  s = +2.0994e-15  |E| = 1.3e-20 (tol 2e-18)  it 1  conv True   [8s]
   A = 14.3323797881  s = +1.0479e-15  |E| = 3.2e-21 (tol 2e-18)  it 1  conv True   [8s]
   A = 14.3323797880  s = +5.2215e-16  |E| = 8.1e-22 (tol 2e-18)  it 1  conv True   [9s]
   A = 14.3323797879  s = +2.5927e-16  |E| = 2.0e-22 (tol 2e-18)  it 1  conv True   [9s]
RESULT K16: K = 16 -> 17 at A_t = 14.3323797878 (bracket [14.3323797878, 14.3323797879])
done [9s]
