c60: K = 3 (centre split signal), 0 interior pairs, A0 = 2.901, prec 128
   A = 2.9010000000  s = -2.1789e-03  |E| = 6.8e-20 (tol 7e-14)  it 4  conv True   [0s]
   A = 2.9040000000  s = -1.1689e-03  |E| = 3.2e-26 (tol 7e-14)  it 3  conv True   [0s]
   A = 2.9070000000  s = -1.5675e-04  |E| = 3.1e-26 (tol 7e-14)  it 3  conv True   [0s]
   A = 2.9100000000  s = +8.5748e-04  |E| = 3.0e-26 (tol 7e-14)  it 3  conv True   [0s]
   A = 2.9074636641  s = -1.3776e-07  |E| = 1.3e-16 (tol 7e-14)  it 2  conv True   [0s]
   A = 2.9087318320  s = +4.2848e-04  |E| = 7.4e-15 (tol 7e-14)  it 2  conv True   [0s]
   A = 2.9080977480  s = +2.1412e-04  |E| = 4.6e-16 (tol 7e-14)  it 2  conv True   [0s]
   A = 2.9077807061  s = +1.0698e-04  |E| = 2.9e-17 (tol 7e-14)  it 2  conv True   [0s]
   A = 2.9076221851  s = +5.3419e-05  |E| = 1.8e-18 (tol 7e-14)  it 2  conv True   [0s]
   A = 2.9075429246  s = +2.6640e-05  |E| = 1.1e-19 (tol 7e-14)  it 2  conv True   [0s]
   A = 2.9075032943  s = +1.3251e-05  |E| = 7.1e-21 (tol 7e-14)  it 2  conv True   [0s]
   A = 2.9074834792  s = +6.5565e-06  |E| = 4.4e-22 (tol 7e-14)  it 2  conv True   [0s]
   A = 2.9074735716  s = +3.2094e-06  |E| = 2.8e-23 (tol 7e-14)  it 2  conv True   [0s]
   A = 2.9074686178  s = +1.5358e-06  |E| = 1.7e-24 (tol 7e-14)  it 2  conv True   [0s]
   A = 2.9074661410  s = +6.9901e-07  |E| = 1.1e-25 (tol 7e-14)  it 2  conv True   [0s]
   A = 2.9074640719  s = -1.0421e-13  |E| = 1.2e-14 (tol 7e-14)  it 1  conv True   [0s]
   A = 2.9074651064  s = +3.4951e-07  |E| = 3.3e-27 (tol 7e-14)  it 2  conv True   [0s]
   A = 2.9074645891  s = +1.7475e-07  |E| = 1.9e-14 (tol 7e-14)  it 1  conv True   [0s]
   A = 2.9074643305  s = +8.7377e-08  |E| = 4.8e-15 (tol 7e-14)  it 1  conv True   [0s]
   A = 2.9074642012  s = +4.3688e-08  |E| = 1.2e-15 (tol 7e-14)  it 1  conv True   [0s]
   A = 2.9074641365  s = +2.1844e-08  |E| = 3.0e-16 (tol 7e-14)  it 1  conv True   [0s]
   A = 2.9074641042  s = +1.0922e-08  |E| = 7.5e-17 (tol 7e-14)  it 1  conv True   [0s]
   A = 2.9074640880  s = +5.4609e-09  |E| = 1.9e-17 (tol 7e-14)  it 1  conv True   [0s]
   A = 2.9074640799  s = +2.7304e-09  |E| = 4.7e-18 (tol 7e-14)  it 1  conv True   [0s]
   A = 2.9074640759  s = +1.3652e-09  |E| = 1.2e-18 (tol 7e-14)  it 1  conv True   [0s]
   A = 2.9074640739  s = +6.8253e-10  |E| = 2.9e-19 (tol 7e-14)  it 1  conv True   [0s]
   A = 2.9074640729  s = +3.4122e-10  |E| = 7.3e-20 (tol 7e-14)  it 1  conv True   [0s]
   A = 2.9074640724  s = +1.7056e-10  |E| = 1.8e-20 (tol 7e-14)  it 1  conv True   [0s]
   A = 2.9074640721  s = +8.5230e-11  |E| = 4.6e-21 (tol 7e-14)  it 1  conv True   [0s]
   A = 2.9074640720  s = +4.2566e-11  |E| = 1.1e-21 (tol 7e-14)  it 1  conv True   [0s]
   A = 2.9074640719  s = +2.1233e-11  |E| = 2.9e-22 (tol 7e-14)  it 1  conv True   [0s]
RESULT gate_K3: K = 3 -> 4 at A_t = 2.9074640719 (bracket [2.9074640719, 2.9074640719])
done [0s]
