state results_q473_seed_A2000_K66_v7_ascent_arb40.json: K = 66, A = 2000.0, alphabet 0..2954, n = 130 unknowns, prec 192 bits
(i) point: max |F| = 3.118e-43 PASS (target 1e-40); cond(J) = 1.780e+17
    ||Y F||_inf (rigorous) = 6.2079e-34, scaled cond 2.283e+12

(ii) Krawczyk ladder
     r = 1e-30: ||I - Y J(X)||_inf = 0.88013  CONTAINED   [53s]
     r = 1e-29: ||I - Y J(X)||_inf = 0.88013  CONTAINED   [57s]
     r = 1e-28: ||I - Y J(X)||_inf = 0.88013  CONTAINED   [60s]
     r = 1e-27: ||I - Y J(X)||_inf = 0.88013  CONTAINED   [63s]
     r = 1e-26: ||I - Y J(X)||_inf = 0.88013  CONTAINED   [67s]
     r = 1e-25: ||I - Y J(X)||_inf = 0.88013  CONTAINED   [70s]
     r = 1e-24: ||I - Y J(X)||_inf = 0.88013  CONTAINED   [74s]
     r = 1e-23: ||I - Y J(X)||_inf = 0.88013  CONTAINED   [77s]
     r = 1e-22: ||I - Y J(X)||_inf = 0.88013  CONTAINED   [80s]
     r = 1e-21: ||I - Y J(X)||_inf = 0.88015  CONTAINED   [83s]
     r = 1e-20: ||I - Y J(X)||_inf = 0.88033  CONTAINED   [87s]
     r = 1e-19: ||I - Y J(X)||_inf = 0.88220  CONTAINED   [90s]
     r = 1e-18: ||I - Y J(X)||_inf = 0.90086  CONTAINED   [93s]
     r = 1e-17: ||I - Y J(X)||_inf = 1.0875  not contained   [97s]
     sweep box r = 1e-30: ||I - Y J(X)||_inf = 0.88013  CONTAINED
     exactly one zero in the box z0 +/- 1e-18 (scaled), and in the sweep box

(iii) weights in the sweep box: min lower bound 0.0114496 PASS; atom radii max 5.2e-28, weight radii max 2.2e-31
     D'''' check at x = 49.5997: formula 1.0054233256e-08, central difference 1.0054233256e-08, rel diff 2.11e-14

(iv) D''' at x = 49.5997: formula 1.4797878257e-08, central difference 1.4797878257e-08, rel diff 8.88e-14 PASS

(v) KKT sweep. C_X = [3.1185711767886380640 +/- 2.87e-20]  (radius 6.8e-29); atom half-width 1.00e-6
     origin (0, 0.001000]: log h0 = -6.90776 < lower E_x[dg] = -2.04673 -> PASS
     CHUNK: atoms 1..12 (with the free stretch before each); the rest of [0, A] is another chunk's
     atom  1 x =     2.4424: h_k = 1.0e-06, D''(x_k) = -1.6725e-02, D'' on I_k upper     -0.01672 PASS; stretch before: 8 starts, 70 pieces so far, worst margin 5.53e-15   [103s]
     atom  2 x =     7.2523: h_k = 1.0e-06, D''(x_k) = -4.8170e-04, D'' on I_k upper   -0.0004817 PASS; stretch before: 8 starts, 174 pieces so far, worst margin 1.62e-16   [107s]
     atom  3 x =    13.5723: h_k = 1.0e-06, D''(x_k) = -3.7849e-05, D'' on I_k upper    -3.785e-5 PASS; stretch before: 8 starts, 308 pieces so far, worst margin 8.18e-18   [112s]
     atom  4 x =    21.1105: h_k = 1.0e-06, D''(x_k) = -4.8231e-06, D'' on I_k upper    -4.823e-6 PASS; stretch before: 8 starts, 470 pieces so far, worst margin 4.64e-19   [118s]
     atom  5 x =    29.6981: h_k = 1.0e-06, D''(x_k) = -8.2283e-07, D'' on I_k upper    -8.228e-7 PASS; stretch before: 8 starts, 696 pieces so far, worst margin 3.04e-19   [127s]
     atom  6 x =    39.2221: h_k = 1.0e-06, D''(x_k) = -1.7123e-07, D'' on I_k upper    -1.712e-7 PASS; stretch before: 8 starts, 972 pieces so far, worst margin 5.80e-20   [137s]
     atom  7 x =    49.5997: h_k = 1.0e-06, D''(x_k) = -4.1229e-08, D'' on I_k upper    -4.123e-8 PASS; stretch before: 8 starts, 1360 pieces so far, worst margin 1.27e-20   [152s]
     atom  8 x =    60.7667: h_k = 1.0e-06, D''(x_k) = -1.1112e-08, D'' on I_k upper    -1.111e-8 PASS; stretch before: 8 starts, 1814 pieces so far, worst margin 3.09e-21   [169s]
     atom  9 x =    72.6719: h_k = 1.0e-06, D''(x_k) = -3.2782e-09, D'' on I_k upper    -3.278e-9 PASS; stretch before: 8 starts, 2394 pieces so far, worst margin 8.14e-22   [191s]
     atom 10 x =    85.2729: h_k = 1.0e-06, D''(x_k) = -1.0418e-09, D'' on I_k upper    -1.042e-9 PASS; stretch before: 8 starts, 3164 pieces so far, worst margin 2.27e-22   [221s]
     atom 11 x =    98.5337: h_k = 1.0e-06, D''(x_k) = -3.5254e-10, D'' on I_k upper   -3.525e-10 PASS; stretch before: 8 starts, 4074 pieces so far, worst margin 6.61e-23   [255s]
     atom 12 x =   112.4236: h_k = 1.0e-06, D''(x_k) = -1.2587e-10, D'' on I_k upper   -1.259e-10 PASS; stretch before: 8 starts, 5232 pieces so far, worst margin 1.98e-23   [299s]

     pieces evaluated: 5232; worst free-stretch margin (inf C - sup D): 1.980e-23; failures: 0

VERDICT: PASS - the truncated-alphabet Poisson channel at A = 2000.0 has a unique stationary 66-atom state in the box, it is a probability distribution, and it satisfies the KKT inequality on all of [0, A].
[299s]
