state results_q473_seed_A2000_K66_v7_ascent_arb40.json: K = 66, A = 2000.0, alphabet 0..2775, n = 130 unknowns, prec 192 bits
(i) point: max |F| = 3.288e-43 PASS (target 1e-40); cond(J) = 1.780e+17
    ||Y F||_inf (rigorous) = 6.2079e-34, scaled cond 2.283e+12

(ii) Krawczyk ladder
     r = 1e-30: ||I - Y J(X)||_inf = 0.88013  CONTAINED   [18s]
     r = 1e-29: ||I - Y J(X)||_inf = 0.88013  CONTAINED   [20s]
     r = 1e-28: ||I - Y J(X)||_inf = 0.88013  CONTAINED   [22s]
     r = 1e-27: ||I - Y J(X)||_inf = 0.88013  CONTAINED   [25s]
     r = 1e-26: ||I - Y J(X)||_inf = 0.88013  CONTAINED   [27s]
     r = 1e-25: ||I - Y J(X)||_inf = 0.88013  CONTAINED   [29s]
     r = 1e-24: ||I - Y J(X)||_inf = 0.88013  CONTAINED   [31s]
     r = 1e-23: ||I - Y J(X)||_inf = 0.88013  CONTAINED   [33s]
     r = 1e-22: ||I - Y J(X)||_inf = 0.88013  CONTAINED   [36s]
     r = 1e-21: ||I - Y J(X)||_inf = 0.88015  CONTAINED   [38s]
     r = 1e-20: ||I - Y J(X)||_inf = 0.88033  CONTAINED   [40s]
     r = 1e-19: ||I - Y J(X)||_inf = 0.88220  CONTAINED   [42s]
     r = 1e-18: ||I - Y J(X)||_inf = 0.90086  CONTAINED   [44s]
     r = 1e-17: ||I - Y J(X)||_inf = 1.0875  not contained   [47s]
     sweep box r = 1e-30: ||I - Y J(X)||_inf = 0.88013  CONTAINED
     exactly one zero in the box z0 +/- 1e-18 (scaled), and in the sweep box

(iii) weights in the sweep box: min lower bound 0.0114496 PASS; atom radii max 5.2e-28, weight radii max 2.2e-31
     D'''' check at x = 49.5997: formula 1.0054233256e-08, central difference 1.0054233256e-08, rel diff 2.11e-14

(iv) D''' at x = 49.5997: formula 1.4797878257e-08, central difference 1.4797878257e-08, rel diff 8.88e-14 PASS

(v) KKT sweep. C_X = [3.1185711767886380640 +/- 2.87e-20]  (radius 6.8e-29); atom half-width 1.00e-6
     origin (0, 0.001000]: log h0 = -6.90776 < lower E_x[dg] = -2.04673 -> PASS
     atom  1 x =     2.4424: h_k = 1.0e-06, D''(x_k) = -1.6725e-02, D'' on I_k upper     -0.01672 PASS; stretch before: 8 starts, 70 pieces so far, worst margin 5.53e-15   [51s]
     atom  2 x =     7.2523: h_k = 1.0e-06, D''(x_k) = -4.8170e-04, D'' on I_k upper   -0.0004817 PASS; stretch before: 8 starts, 174 pieces so far, worst margin 1.62e-16   [54s]
     atom  3 x =    13.5723: h_k = 1.0e-06, D''(x_k) = -3.7849e-05, D'' on I_k upper    -3.785e-5 PASS; stretch before: 8 starts, 308 pieces so far, worst margin 8.18e-18   [57s]
     atom  4 x =    21.1105: h_k = 1.0e-06, D''(x_k) = -4.8231e-06, D'' on I_k upper    -4.823e-6 PASS; stretch before: 8 starts, 470 pieces so far, worst margin 4.64e-19   [62s]
     atom  5 x =    29.6981: h_k = 1.0e-06, D''(x_k) = -8.2283e-07, D'' on I_k upper    -8.228e-7 PASS; stretch before: 8 starts, 696 pieces so far, worst margin 3.04e-19   [67s]
     atom  6 x =    39.2221: h_k = 1.0e-06, D''(x_k) = -1.7123e-07, D'' on I_k upper    -1.712e-7 PASS; stretch before: 8 starts, 972 pieces so far, worst margin 5.80e-20   [74s]
     atom  7 x =    49.5997: h_k = 1.0e-06, D''(x_k) = -4.1229e-08, D'' on I_k upper    -4.123e-8 PASS; stretch before: 8 starts, 1360 pieces so far, worst margin 1.27e-20   [84s]
     atom  8 x =    60.7667: h_k = 1.0e-06, D''(x_k) = -1.1112e-08, D'' on I_k upper    -1.111e-8 PASS; stretch before: 8 starts, 1814 pieces so far, worst margin 3.09e-21   [96s]
     atom  9 x =    72.6719: h_k = 1.0e-06, D''(x_k) = -3.2782e-09, D'' on I_k upper    -3.278e-9 PASS; stretch before: 8 starts, 2394 pieces so far, worst margin 8.14e-22   [110s]
     atom 10 x =    85.2729: h_k = 1.0e-06, D''(x_k) = -1.0418e-09, D'' on I_k upper    -1.042e-9 PASS; stretch before: 8 starts, 3164 pieces so far, worst margin 2.27e-22   [129s]
     atom 11 x =    98.5337: h_k = 1.0e-06, D''(x_k) = -3.5254e-10, D'' on I_k upper   -3.525e-10 PASS; stretch before: 8 starts, 4074 pieces so far, worst margin 6.61e-23   [151s]
     atom 12 x =   112.4236: h_k = 1.0e-06, D''(x_k) = -1.2587e-10, D'' on I_k upper   -1.259e-10 PASS; stretch before: 8 starts, 5232 pieces so far, worst margin 1.98e-23   [180s]
     atom 13 x =   126.9157: h_k = 1.0e-06, D''(x_k) = -4.7086e-11, D'' on I_k upper   -4.709e-11 PASS; stretch before: 8 starts, 6732 pieces so far, worst margin 5.97e-24   [217s]
     atom 14 x =   141.9865: h_k = 1.0e-06, D''(x_k) = -1.8351e-11, D'' on I_k upper   -1.835e-11 PASS; stretch before: 8 starts, 8472 pieces so far, worst margin 1.77e-24   [260s]
     atom 15 x =   157.6148: h_k = 1.0e-06, D''(x_k) = -7.4173e-12, D'' on I_k upper   -7.417e-12 PASS; stretch before: 8 starts, 10594 pieces so far, worst margin 4.89e-25   [313s]
     atom 16 x =   173.7819: h_k = 1.0e-06, D''(x_k) = -3.0972e-12, D'' on I_k upper   -3.097e-12 PASS; stretch before: 8 starts, 13416 pieces so far, worst margin 1.09e-25   [383s]
     atom 17 x =   190.4705: h_k = 1.0e-06, D''(x_k) = -1.3318e-12, D'' on I_k upper   -1.332e-12 PASS; stretch before: 8 starts, 16610 pieces so far, worst margin 5.47e-27   [463s]
     atom 18 x =   207.6652: h_k = 1.0e-06, D''(x_k) = -5.8815e-13, D'' on I_k upper   -5.881e-13 PASS; stretch before: 8 starts, 20340 pieces so far, worst margin 2.16e-25   [557s]
     atom 19 x =   225.3519: h_k = 1.0e-06, D''(x_k) = -2.6612e-13, D'' on I_k upper   -2.661e-13 PASS; stretch before: 8 starts, 24956 pieces so far, worst margin 9.55e-26   [673s]
     atom 20 x =   243.5176: h_k = 1.0e-06, D''(x_k) = -1.2312e-13, D'' on I_k upper   -1.231e-13 PASS; stretch before: 8 starts, 30730 pieces so far, worst margin 4.29e-26   [813s]
     atom 21 x =   262.1507: h_k = 1.0e-06, D''(x_k) = -5.8134e-14, D'' on I_k upper   -5.813e-14 PASS; stretch before: 8 starts, 37208 pieces so far, worst margin 1.94e-26   [976s]
     atom 22 x =   281.2405: h_k = 1.0e-06, D''(x_k) = -2.7965e-14, D'' on I_k upper   -2.797e-14 PASS; stretch before: 8 starts, 44698 pieces so far, worst margin 8.76e-27   [1163s]
     atom 23 x =   300.7775: h_k = 1.0e-06, D''(x_k) = -1.3683e-14, D'' on I_k upper   -1.368e-14 PASS; stretch before: 8 starts, 53796 pieces so far, worst margin 3.80e-27   [1386s]
     atom 24 x =   320.7539: h_k = 1.0e-06, D''(x_k) = -6.7964e-15, D'' on I_k upper   -6.796e-15 PASS; stretch before: 8 starts, 65164 pieces so far, worst margin 1.45e-27   [1677s]
     atom 25 x =   341.1634: h_k = 1.3e-06, D''(x_k) = -3.4199e-15, D'' on I_k upper   -3.420e-15 PASS; stretch before: 8 starts, 77742 pieces so far, worst margin 1.34e-27   [1993s]
     atom 26 x =   362.0020: h_k = 1.8e-06, D''(x_k) = -1.7384e-15, D'' on I_k upper   -1.738e-15 PASS; stretch before: 8 starts, 92020 pieces so far, worst margin 1.30e-27   [2362s]
